Feb  2 19:53:26 cu-cs-vm rsyslogd: [origin software="rsyslogd" swVersion="8.16.0" x-pid="795" x-info="http://www.rsyslog.com"] rsyslogd was HUPed
Feb  2 19:53:26 cu-cs-vm anacron[771]: Job `cron.daily' terminated
Feb  2 19:53:26 cu-cs-vm anacron[771]: Job `cron.weekly' started
Feb  2 19:53:26 cu-cs-vm anacron[2328]: Updated timestamp for job `cron.weekly' to 2017-02-02
Feb  2 19:53:27 cu-cs-vm anacron[771]: Job `cron.weekly' terminated
Feb  2 19:53:27 cu-cs-vm anacron[771]: Normal exit (2 jobs run)
Feb  2 19:57:24 cu-cs-vm uptimed: moving up to position 9: 0 days, 00:10:04
Feb  2 20:00:07 cu-cs-vm kernel: [  766.461068] Num1: 49
Feb  2 20:00:07 cu-cs-vm kernel: [  766.461072] Nul2: 50
Feb  2 20:00:07 cu-cs-vm kernel: [  766.461073] Result: 99
Feb  2 20:02:48 cu-cs-vm systemd[1]: Starting Cleanup of Temporary Directories...
Feb  2 20:02:48 cu-cs-vm systemd-tmpfiles[2415]: [/usr/lib/tmpfiles.d/var.conf:14] Duplicate line for path "/var/log", ignoring.
Feb  2 20:02:48 cu-cs-vm systemd[1]: Started Cleanup of Temporary Directories.
Feb  2 20:03:45 cu-cs-vm kernel: [  984.780432] show_signal_msg: 36 callbacks suppressed
Feb  2 20:03:45 cu-cs-vm kernel: [  984.780436] a.out[2430]: segfault at 31 ip 00007fee15467454 sp 00007fffb6ac9cd0 error 4 in libc-2.23.so[7fee1542c000+1bf000]
Feb  2 20:05:00 cu-cs-vm kernel: [ 1059.468300] Num1: 1
Feb  2 20:05:00 cu-cs-vm kernel: [ 1059.468305] Nul2: 2
Feb  2 20:05:00 cu-cs-vm kernel: [ 1059.468307] Result: 3
Feb  2 20:05:41 cu-cs-vm NetworkManager[788]: <info>  [1486091141.4755] device (enp0s3): link disconnected (deferring action for 4 seconds)
Feb  2 20:05:41 cu-cs-vm kernel: [ 1100.638806] e1000: enp0s3 NIC Link is Down
Feb  2 20:05:46 cu-cs-vm NetworkManager[788]: <info>  [1486091146.0626] device (enp0s3): link disconnected (calling deferred action)
Feb  2 20:05:46 cu-cs-vm NetworkManager[788]: <info>  [1486091146.0630] device (enp0s3): state change: activated -> unavailable (reason 'carrier-changed') [100 20 40]
Feb  2 20:05:46 cu-cs-vm NetworkManager[788]: <info>  [1486091146.0805] dhcp4 (enp0s3): canceled DHCP transaction, DHCP client pid 1081
Feb  2 20:05:46 cu-cs-vm NetworkManager[788]: <info>  [1486091146.0806] dhcp4 (enp0s3): state changed bound -> done
Feb  2 20:05:46 cu-cs-vm avahi-daemon[743]: Withdrawing address record for 10.0.2.15 on enp0s3.
Feb  2 20:05:46 cu-cs-vm avahi-daemon[743]: Leaving mDNS multicast group on interface enp0s3.IPv4 with address 10.0.2.15.
Feb  2 20:05:46 cu-cs-vm avahi-daemon[743]: Interface enp0s3.IPv4 no longer relevant for mDNS.
Feb  2 20:05:46 cu-cs-vm avahi-daemon[743]: Withdrawing address record for fe80::76b7:2954:5ccf:231c on enp0s3.
Feb  2 20:05:46 cu-cs-vm avahi-daemon[743]: Leaving mDNS multicast group on interface enp0s3.IPv6 with address fe80::76b7:2954:5ccf:231c.
Feb  2 20:05:46 cu-cs-vm whoopsie[779]: [20:05:46] Cannot reach: https://daisy.ubuntu.com
Feb  2 20:05:46 cu-cs-vm whoopsie[779]: [20:05:46] offline
Feb  2 20:05:46 cu-cs-vm NetworkManager[788]: <info>  [1486091146.0853] dns-mgr: Writing DNS information to /sbin/resolvconf
Feb  2 20:05:46 cu-cs-vm avahi-daemon[743]: Interface enp0s3.IPv6 no longer relevant for mDNS.
Feb  2 20:05:46 cu-cs-vm dnsmasq[1092]: setting upstream servers from DBus
Feb  2 20:05:46 cu-cs-vm whoopsie[779]: [20:05:46] Cannot reach: https://daisy.ubuntu.com
Feb  2 20:05:46 cu-cs-vm NetworkManager[788]: <info>  [1486091146.1128] manager: NetworkManager state is now CONNECTED_LOCAL
Feb  2 20:05:46 cu-cs-vm NetworkManager[788]: <info>  [1486091146.1137] manager: NetworkManager state is now DISCONNECTED
Feb  2 20:05:46 cu-cs-vm dbus[760]: [system] Activating via systemd: service name='org.freedesktop.nm_dispatcher' unit='dbus-org.freedesktop.nm-dispatcher.service'
Feb  2 20:05:46 cu-cs-vm systemd[1]: Starting Network Manager Script Dispatcher Service...
Feb  2 20:05:46 cu-cs-vm dbus[760]: [system] Successfully activated service 'org.freedesktop.nm_dispatcher'
Feb  2 20:05:46 cu-cs-vm systemd[1]: Started Network Manager Script Dispatcher Service.
Feb  2 20:05:46 cu-cs-vm nm-dispatcher: req:1 'down' [enp0s3]: new request (1 scripts)
Feb  2 20:05:46 cu-cs-vm nm-dispatcher: req:1 'down' [enp0s3]: start running ordered scripts...
Feb  2 20:05:47 cu-cs-vm NetworkManager[788]: <info>  [1486091147.4879] device (enp0s3): link connected
Feb  2 20:05:47 cu-cs-vm NetworkManager[788]: <info>  [1486091147.4884] device (enp0s3): state change: unavailable -> disconnected (reason 'carrier-changed') [20 30 40]
Feb  2 20:05:47 cu-cs-vm kernel: [ 1106.650691] e1000: enp0s3 NIC Link is Up 1000 Mbps Full Duplex, Flow Control: RX
Feb  2 20:05:47 cu-cs-vm NetworkManager[788]: <info>  [1486091147.4905] policy: auto-activating connection 'Wired connection 1'
Feb  2 20:05:47 cu-cs-vm NetworkManager[788]: <info>  [1486091147.4915] device (enp0s3): Activation: starting connection 'Wired connection 1' (3cb7398d-64fc-314d-9632-075cea2280ac)
Feb  2 20:05:47 cu-cs-vm NetworkManager[788]: <info>  [1486091147.4920] device (enp0s3): state change: disconnected -> prepare (reason 'none') [30 40 0]
Feb  2 20:05:47 cu-cs-vm NetworkManager[788]: <info>  [1486091147.4921] manager: NetworkManager state is now CONNECTING
Feb  2 20:05:47 cu-cs-vm NetworkManager[788]: <info>  [1486091147.4925] device (enp0s3): state change: prepare -> config (reason 'none') [40 50 0]
Feb  2 20:05:47 cu-cs-vm NetworkManager[788]: <info>  [1486091147.4937] device (enp0s3): state change: config -> ip-config (reason 'none') [50 70 0]
Feb  2 20:05:47 cu-cs-vm NetworkManager[788]: <info>  [1486091147.4942] dhcp4 (enp0s3): activation: beginning transaction (timeout in 45 seconds)
Feb  2 20:05:47 cu-cs-vm NetworkManager[788]: <info>  [1486091147.4982] dhcp4 (enp0s3): dhclient started with pid 2502
Feb  2 20:05:47 cu-cs-vm dhclient[2502]: DHCPREQUEST of 10.0.2.15 on enp0s3 to 255.255.255.255 port 67 (xid=0x19487a70)
Feb  2 20:05:47 cu-cs-vm dhclient[2502]: DHCPACK of 10.0.2.15 from 10.0.2.2
Feb  2 20:05:47 cu-cs-vm NetworkManager[788]: <info>  [1486091147.5331]   address 10.0.2.15
Feb  2 20:05:47 cu-cs-vm NetworkManager[788]: <info>  [1486091147.5331]   plen 24 (255.255.255.0)
Feb  2 20:05:47 cu-cs-vm NetworkManager[788]: <info>  [1486091147.5332]   gateway 10.0.2.2
Feb  2 20:05:47 cu-cs-vm NetworkManager[788]: <info>  [1486091147.5332]   server identifier 10.0.2.2
Feb  2 20:05:47 cu-cs-vm NetworkManager[788]: <info>  [1486091147.5332]   lease time 86400
Feb  2 20:05:47 cu-cs-vm NetworkManager[788]: <info>  [1486091147.5332]   nameserver '75.75.75.75'
Feb  2 20:05:47 cu-cs-vm NetworkManager[788]: <info>  [1486091147.5332]   nameserver '75.75.76.76'
Feb  2 20:05:47 cu-cs-vm NetworkManager[788]: <info>  [1486091147.5332]   domain name 'hsd1.co.comcast.net.'
Feb  2 20:05:47 cu-cs-vm NetworkManager[788]: <info>  [1486091147.5332] dhcp4 (enp0s3): state changed unknown -> bound
Feb  2 20:05:47 cu-cs-vm NetworkManager[788]: <info>  [1486091147.5338] device (enp0s3): state change: ip-config -> ip-check (reason 'none') [70 80 0]
Feb  2 20:05:47 cu-cs-vm NetworkManager[788]: <info>  [1486091147.5341] device (enp0s3): state change: ip-check -> secondaries (reason 'none') [80 90 0]
Feb  2 20:05:47 cu-cs-vm avahi-daemon[743]: Joining mDNS multicast group on interface enp0s3.IPv4 with address 10.0.2.15.
Feb  2 20:05:47 cu-cs-vm NetworkManager[788]: <info>  [1486091147.5345] device (enp0s3): state change: secondaries -> activated (reason 'none') [90 100 0]
Feb  2 20:05:47 cu-cs-vm avahi-daemon[743]: New relevant interface enp0s3.IPv4 for mDNS.
Feb  2 20:05:47 cu-cs-vm NetworkManager[788]: <info>  [1486091147.5345] manager: NetworkManager state is now CONNECTED_LOCAL
Feb  2 20:05:47 cu-cs-vm avahi-daemon[743]: Registering new address record for 10.0.2.15 on enp0s3.IPv4.
Feb  2 20:05:47 cu-cs-vm NetworkManager[788]: <info>  [1486091147.5359] manager: NetworkManager state is now CONNECTED_GLOBAL
Feb  2 20:05:47 cu-cs-vm NetworkManager[788]: <info>  [1486091147.5360] policy: set 'Wired connection 1' (enp0s3) as default for IPv4 routing and DNS
Feb  2 20:05:47 cu-cs-vm NetworkManager[788]: <info>  [1486091147.5361] dns-mgr: Writing DNS information to /sbin/resolvconf
Feb  2 20:05:47 cu-cs-vm dnsmasq[1092]: setting upstream servers from DBus
Feb  2 20:05:47 cu-cs-vm dnsmasq[1092]: using nameserver 75.75.75.75#53
Feb  2 20:05:47 cu-cs-vm dnsmasq[1092]: using nameserver 75.75.76.76#53
Feb  2 20:05:47 cu-cs-vm dhclient[2502]: bound to 10.0.2.15 -- renewal in 35941 seconds.
Feb  2 20:05:47 cu-cs-vm NetworkManager[788]: <info>  [1486091147.6122] device (enp0s3): Activation: successful, device activated.
Feb  2 20:05:47 cu-cs-vm nm-dispatcher: req:2 'up' [enp0s3]: new request (1 scripts)
Feb  2 20:05:47 cu-cs-vm nm-dispatcher: req:2 'up' [enp0s3]: start running ordered scripts...
Feb  2 20:05:47 cu-cs-vm whoopsie[779]: [20:05:47] The default IPv4 route is: /org/freedesktop/NetworkManager/ActiveConnection/1
Feb  2 20:05:47 cu-cs-vm whoopsie[779]: [20:05:47] Not a paid data plan: /org/freedesktop/NetworkManager/ActiveConnection/1
Feb  2 20:05:47 cu-cs-vm whoopsie[779]: [20:05:47] Found usable connection: /org/freedesktop/NetworkManager/ActiveConnection/1
Feb  2 20:05:47 cu-cs-vm whoopsie[779]: [20:05:47] online
Feb  2 20:05:47 cu-cs-vm systemd[1]: Reloading OpenBSD Secure Shell server.
Feb  2 20:05:47 cu-cs-vm systemd[1]: Reloaded OpenBSD Secure Shell server.
Feb  2 20:05:47 cu-cs-vm systemd[1]: Reloading OpenBSD Secure Shell server.
Feb  2 20:05:47 cu-cs-vm systemd[1]: Reloaded OpenBSD Secure Shell server.
Feb  2 22:02:24 cu-cs-vm systemd[1]: Time has been changed
Feb  2 22:02:24 cu-cs-vm systemd[1]: apt-daily.timer: Adding 2h 58min 7.755729s random time.
Feb  2 22:02:24 cu-cs-vm systemd[1]: snapd.refresh.timer: Adding 3h 48min 20.342710s random time.
Feb  2 22:02:24 cu-cs-vm systemd[1269]: Time has been changed
Feb  2 22:02:24 cu-cs-vm systemd[1]: apt-daily.timer: Adding 3h 3min 57.432445s random time.
Feb  2 22:02:24 cu-cs-vm avahi-daemon[743]: Joining mDNS multicast group on interface enp0s3.IPv6 with address fe80::76b7:2954:5ccf:231c.
Feb  2 22:02:24 cu-cs-vm avahi-daemon[743]: New relevant interface enp0s3.IPv6 for mDNS.
Feb  2 22:02:24 cu-cs-vm avahi-daemon[743]: Registering new address record for fe80::76b7:2954:5ccf:231c on enp0s3.*.
Feb  2 22:02:55 cu-cs-vm NetworkManager[788]: <info>  [1486098175.8049] device (enp0s3): link disconnected (deferring action for 4 seconds)
Feb  2 22:02:55 cu-cs-vm kernel: [ 1138.714136] e1000: enp0s3 NIC Link is Down
Feb  2 22:02:55 cu-cs-vm kernel: [ 1138.714247] e1000 0000:00:03.0 enp0s3: Reset adapter
Feb  2 22:03:00 cu-cs-vm NetworkManager[788]: <info>  [1486098180.3167] device (enp0s3): link disconnected (calling deferred action)
Feb  2 22:03:00 cu-cs-vm NetworkManager[788]: <info>  [1486098180.3170] device (enp0s3): state change: activated -> unavailable (reason 'carrier-changed') [100 20 40]
Feb  2 22:03:00 cu-cs-vm NetworkManager[788]: <info>  [1486098180.3337] dhcp4 (enp0s3): canceled DHCP transaction, DHCP client pid 2502
Feb  2 22:03:00 cu-cs-vm NetworkManager[788]: <info>  [1486098180.3337] dhcp4 (enp0s3): state changed bound -> done
Feb  2 22:03:00 cu-cs-vm avahi-daemon[743]: Withdrawing address record for 10.0.2.15 on enp0s3.
Feb  2 22:03:00 cu-cs-vm NetworkManager[788]: <info>  [1486098180.3349] dns-mgr: Writing DNS information to /sbin/resolvconf
Feb  2 22:03:00 cu-cs-vm avahi-daemon[743]: Leaving mDNS multicast group on interface enp0s3.IPv4 with address 10.0.2.15.
Feb  2 22:03:00 cu-cs-vm avahi-daemon[743]: Interface enp0s3.IPv4 no longer relevant for mDNS.
Feb  2 22:03:00 cu-cs-vm avahi-daemon[743]: Withdrawing address record for fe80::76b7:2954:5ccf:231c on enp0s3.
Feb  2 22:03:00 cu-cs-vm avahi-daemon[743]: Leaving mDNS multicast group on interface enp0s3.IPv6 with address fe80::76b7:2954:5ccf:231c.
Feb  2 22:03:00 cu-cs-vm avahi-daemon[743]: Interface enp0s3.IPv6 no longer relevant for mDNS.
Feb  2 22:03:00 cu-cs-vm dnsmasq[1092]: setting upstream servers from DBus
Feb  2 22:03:00 cu-cs-vm whoopsie[779]: [22:03:00] Cannot reach: https://daisy.ubuntu.com
Feb  2 22:03:00 cu-cs-vm whoopsie[779]: [22:03:00] offline
Feb  2 22:03:00 cu-cs-vm whoopsie[779]: [22:03:00] Cannot reach: https://daisy.ubuntu.com
Feb  2 22:03:00 cu-cs-vm NetworkManager[788]: <info>  [1486098180.3609] manager: NetworkManager state is now CONNECTED_LOCAL
Feb  2 22:03:00 cu-cs-vm NetworkManager[788]: <info>  [1486098180.3614] manager: NetworkManager state is now DISCONNECTED
Feb  2 22:03:00 cu-cs-vm dbus[760]: [system] Activating via systemd: service name='org.freedesktop.nm_dispatcher' unit='dbus-org.freedesktop.nm-dispatcher.service'
Feb  2 22:03:00 cu-cs-vm systemd[1]: Starting Network Manager Script Dispatcher Service...
Feb  2 22:03:00 cu-cs-vm dbus[760]: [system] Successfully activated service 'org.freedesktop.nm_dispatcher'
Feb  2 22:03:00 cu-cs-vm systemd[1]: Started Network Manager Script Dispatcher Service.
Feb  2 22:03:00 cu-cs-vm nm-dispatcher: req:1 'down' [enp0s3]: new request (1 scripts)
Feb  2 22:03:00 cu-cs-vm nm-dispatcher: req:1 'down' [enp0s3]: start running ordered scripts...
Feb  2 22:03:01 cu-cs-vm NetworkManager[788]: <info>  [1486098181.8741] device (enp0s3): link connected
Feb  2 22:03:01 cu-cs-vm NetworkManager[788]: <info>  [1486098181.8747] device (enp0s3): state change: unavailable -> disconnected (reason 'carrier-changed') [20 30 40]
Feb  2 22:03:01 cu-cs-vm kernel: [ 1144.783088] e1000: enp0s3 NIC Link is Up 1000 Mbps Full Duplex, Flow Control: RX
Feb  2 22:03:01 cu-cs-vm NetworkManager[788]: <info>  [1486098181.8765] policy: auto-activating connection 'Wired connection 1'
Feb  2 22:03:01 cu-cs-vm NetworkManager[788]: <info>  [1486098181.8774] device (enp0s3): Activation: starting connection 'Wired connection 1' (3cb7398d-64fc-314d-9632-075cea2280ac)
Feb  2 22:03:01 cu-cs-vm NetworkManager[788]: <info>  [1486098181.8776] device (enp0s3): state change: disconnected -> prepare (reason 'none') [30 40 0]
Feb  2 22:03:01 cu-cs-vm NetworkManager[788]: <info>  [1486098181.8777] manager: NetworkManager state is now CONNECTING
Feb  2 22:03:01 cu-cs-vm NetworkManager[788]: <info>  [1486098181.8781] device (enp0s3): state change: prepare -> config (reason 'none') [40 50 0]
Feb  2 22:03:01 cu-cs-vm NetworkManager[788]: <info>  [1486098181.8794] device (enp0s3): state change: config -> ip-config (reason 'none') [50 70 0]
Feb  2 22:03:01 cu-cs-vm NetworkManager[788]: <info>  [1486098181.8798] dhcp4 (enp0s3): activation: beginning transaction (timeout in 45 seconds)
Feb  2 22:03:01 cu-cs-vm NetworkManager[788]: <info>  [1486098181.8814] dhcp4 (enp0s3): dhclient started with pid 2723
Feb  2 22:03:01 cu-cs-vm dhclient[2723]: DHCPREQUEST of 10.0.2.15 on enp0s3 to 255.255.255.255 port 67 (xid=0x5eab3970)
Feb  2 22:03:01 cu-cs-vm dhclient[2723]: DHCPACK of 10.0.2.15 from 10.0.2.2
Feb  2 22:03:01 cu-cs-vm NetworkManager[788]: <info>  [1486098181.9121]   address 10.0.2.15
Feb  2 22:03:01 cu-cs-vm NetworkManager[788]: <info>  [1486098181.9122]   plen 24 (255.255.255.0)
Feb  2 22:03:01 cu-cs-vm NetworkManager[788]: <info>  [1486098181.9122]   gateway 10.0.2.2
Feb  2 22:03:01 cu-cs-vm NetworkManager[788]: <info>  [1486098181.9122]   server identifier 10.0.2.2
Feb  2 22:03:01 cu-cs-vm NetworkManager[788]: <info>  [1486098181.9122]   lease time 86400
Feb  2 22:03:01 cu-cs-vm NetworkManager[788]: <info>  [1486098181.9122]   nameserver '75.75.75.75'
Feb  2 22:03:01 cu-cs-vm NetworkManager[788]: <info>  [1486098181.9122]   nameserver '75.75.76.76'
Feb  2 22:03:01 cu-cs-vm NetworkManager[788]: <info>  [1486098181.9122]   domain name 'hsd1.co.comcast.net.'
Feb  2 22:03:01 cu-cs-vm NetworkManager[788]: <info>  [1486098181.9122] dhcp4 (enp0s3): state changed unknown -> bound
Feb  2 22:03:01 cu-cs-vm NetworkManager[788]: <info>  [1486098181.9129] device (enp0s3): state change: ip-config -> ip-check (reason 'none') [70 80 0]
Feb  2 22:03:01 cu-cs-vm avahi-daemon[743]: Joining mDNS multicast group on interface enp0s3.IPv4 with address 10.0.2.15.
Feb  2 22:03:01 cu-cs-vm NetworkManager[788]: <info>  [1486098181.9132] device (enp0s3): state change: ip-check -> secondaries (reason 'none') [80 90 0]
Feb  2 22:03:01 cu-cs-vm avahi-daemon[743]: New relevant interface enp0s3.IPv4 for mDNS.
Feb  2 22:03:01 cu-cs-vm NetworkManager[788]: <info>  [1486098181.9133] device (enp0s3): state change: secondaries -> activated (reason 'none') [90 100 0]
Feb  2 22:03:01 cu-cs-vm avahi-daemon[743]: Registering new address record for 10.0.2.15 on enp0s3.IPv4.
Feb  2 22:03:01 cu-cs-vm NetworkManager[788]: <info>  [1486098181.9134] manager: NetworkManager state is now CONNECTED_LOCAL
Feb  2 22:03:01 cu-cs-vm NetworkManager[788]: <info>  [1486098181.9138] manager: NetworkManager state is now CONNECTED_GLOBAL
Feb  2 22:03:01 cu-cs-vm NetworkManager[788]: <info>  [1486098181.9140] policy: set 'Wired connection 1' (enp0s3) as default for IPv4 routing and DNS
Feb  2 22:03:01 cu-cs-vm NetworkManager[788]: <info>  [1486098181.9141] dns-mgr: Writing DNS information to /sbin/resolvconf
Feb  2 22:03:01 cu-cs-vm dnsmasq[1092]: setting upstream servers from DBus
Feb  2 22:03:01 cu-cs-vm dnsmasq[1092]: using nameserver 75.75.75.75#53
Feb  2 22:03:01 cu-cs-vm dnsmasq[1092]: using nameserver 75.75.76.76#53
Feb  2 22:03:01 cu-cs-vm dhclient[2723]: bound to 10.0.2.15 -- renewal in 37228 seconds.
Feb  2 22:03:01 cu-cs-vm NetworkManager[788]: <info>  [1486098181.9715] device (enp0s3): Activation: successful, device activated.
Feb  2 22:03:01 cu-cs-vm nm-dispatcher: req:2 'up' [enp0s3]: new request (1 scripts)
Feb  2 22:03:01 cu-cs-vm nm-dispatcher: req:2 'up' [enp0s3]: start running ordered scripts...
Feb  2 22:03:01 cu-cs-vm whoopsie[779]: [22:03:01] The default IPv4 route is: /org/freedesktop/NetworkManager/ActiveConnection/2
Feb  2 22:03:01 cu-cs-vm whoopsie[779]: [22:03:01] Not a paid data plan: /org/freedesktop/NetworkManager/ActiveConnection/2
Feb  2 22:03:01 cu-cs-vm whoopsie[779]: [22:03:01] Found usable connection: /org/freedesktop/NetworkManager/ActiveConnection/2
Feb  2 22:03:01 cu-cs-vm whoopsie[779]: [22:03:01] online
Feb  2 22:03:02 cu-cs-vm systemd[1]: Reloading OpenBSD Secure Shell server.
Feb  2 22:03:02 cu-cs-vm systemd[1]: Reloaded OpenBSD Secure Shell server.
Feb  2 22:03:02 cu-cs-vm systemd[1]: Reloading OpenBSD Secure Shell server.
Feb  2 22:03:02 cu-cs-vm systemd[1]: Reloaded OpenBSD Secure Shell server.
Feb  2 22:03:03 cu-cs-vm avahi-daemon[743]: Joining mDNS multicast group on interface enp0s3.IPv6 with address fe80::76b7:2954:5ccf:231c.
Feb  2 22:03:03 cu-cs-vm avahi-daemon[743]: New relevant interface enp0s3.IPv6 for mDNS.
Feb  2 22:03:03 cu-cs-vm avahi-daemon[743]: Registering new address record for fe80::76b7:2954:5ccf:231c on enp0s3.*.
Feb  2 22:04:01 cu-cs-vm uptimed: moving up to position 8: 0 days, 00:20:04
Feb  2 22:10:36 cu-cs-vm NetworkManager[788]: <info>  [1486098636.8856] device (enp0s3): link disconnected (deferring action for 4 seconds)
Feb  2 22:10:36 cu-cs-vm kernel: [ 1599.795014] e1000: enp0s3 NIC Link is Down
Feb  2 22:10:41 cu-cs-vm NetworkManager[788]: <info>  [1486098641.3206] device (enp0s3): link disconnected (calling deferred action)
Feb  2 22:10:41 cu-cs-vm NetworkManager[788]: <info>  [1486098641.3210] device (enp0s3): state change: activated -> unavailable (reason 'carrier-changed') [100 20 40]
Feb  2 22:10:41 cu-cs-vm NetworkManager[788]: <info>  [1486098641.3384] dhcp4 (enp0s3): canceled DHCP transaction, DHCP client pid 2723
Feb  2 22:10:41 cu-cs-vm NetworkManager[788]: <info>  [1486098641.3384] dhcp4 (enp0s3): state changed bound -> done
Feb  2 22:10:41 cu-cs-vm avahi-daemon[743]: Withdrawing address record for 10.0.2.15 on enp0s3.
Feb  2 22:10:41 cu-cs-vm avahi-daemon[743]: Leaving mDNS multicast group on interface enp0s3.IPv4 with address 10.0.2.15.
Feb  2 22:10:41 cu-cs-vm NetworkManager[788]: <info>  [1486098641.3412] dns-mgr: Writing DNS information to /sbin/resolvconf
Feb  2 22:10:41 cu-cs-vm dnsmasq[1092]: setting upstream servers from DBus
Feb  2 22:10:41 cu-cs-vm whoopsie[779]: [22:10:41] Cannot reach: https://daisy.ubuntu.com
Feb  2 22:10:41 cu-cs-vm whoopsie[779]: [22:10:41] offline
Feb  2 22:10:41 cu-cs-vm whoopsie[779]: [22:10:41] Cannot reach: https://daisy.ubuntu.com
Feb  2 22:10:41 cu-cs-vm avahi-daemon[743]: Interface enp0s3.IPv4 no longer relevant for mDNS.
Feb  2 22:10:41 cu-cs-vm avahi-daemon[743]: Withdrawing address record for fe80::76b7:2954:5ccf:231c on enp0s3.
Feb  2 22:10:41 cu-cs-vm avahi-daemon[743]: Leaving mDNS multicast group on interface enp0s3.IPv6 with address fe80::76b7:2954:5ccf:231c.
Feb  2 22:10:41 cu-cs-vm avahi-daemon[743]: Interface enp0s3.IPv6 no longer relevant for mDNS.
Feb  2 22:10:41 cu-cs-vm NetworkManager[788]: <info>  [1486098641.3666] manager: NetworkManager state is now CONNECTED_LOCAL
Feb  2 22:10:41 cu-cs-vm NetworkManager[788]: <info>  [1486098641.3668] manager: NetworkManager state is now DISCONNECTED
Feb  2 22:10:41 cu-cs-vm dbus[760]: [system] Activating via systemd: service name='org.freedesktop.nm_dispatcher' unit='dbus-org.freedesktop.nm-dispatcher.service'
Feb  2 22:10:41 cu-cs-vm systemd[1]: Starting Network Manager Script Dispatcher Service...
Feb  2 22:10:41 cu-cs-vm dbus[760]: [system] Successfully activated service 'org.freedesktop.nm_dispatcher'
Feb  2 22:10:41 cu-cs-vm systemd[1]: Started Network Manager Script Dispatcher Service.
Feb  2 22:10:41 cu-cs-vm nm-dispatcher: req:1 'down' [enp0s3]: new request (1 scripts)
Feb  2 22:10:41 cu-cs-vm nm-dispatcher: req:1 'down' [enp0s3]: start running ordered scripts...
Feb  2 22:10:42 cu-cs-vm NetworkManager[788]: <info>  [1486098642.8971] device (enp0s3): link connected
Feb  2 22:10:42 cu-cs-vm NetworkManager[788]: <info>  [1486098642.8975] device (enp0s3): state change: unavailable -> disconnected (reason 'carrier-changed') [20 30 40]
Feb  2 22:10:42 cu-cs-vm NetworkManager[788]: <info>  [1486098642.8990] policy: auto-activating connection 'Wired connection 1'
Feb  2 22:10:42 cu-cs-vm kernel: [ 1605.806225] e1000: enp0s3 NIC Link is Up 1000 Mbps Full Duplex, Flow Control: RX
Feb  2 22:10:42 cu-cs-vm NetworkManager[788]: <info>  [1486098642.8997] device (enp0s3): Activation: starting connection 'Wired connection 1' (3cb7398d-64fc-314d-9632-075cea2280ac)
Feb  2 22:10:42 cu-cs-vm NetworkManager[788]: <info>  [1486098642.8998] device (enp0s3): state change: disconnected -> prepare (reason 'none') [30 40 0]
Feb  2 22:10:42 cu-cs-vm NetworkManager[788]: <info>  [1486098642.8999] manager: NetworkManager state is now CONNECTING
Feb  2 22:10:42 cu-cs-vm NetworkManager[788]: <info>  [1486098642.9003] device (enp0s3): state change: prepare -> config (reason 'none') [40 50 0]
Feb  2 22:10:42 cu-cs-vm NetworkManager[788]: <info>  [1486098642.9013] device (enp0s3): state change: config -> ip-config (reason 'none') [50 70 0]
Feb  2 22:10:42 cu-cs-vm NetworkManager[788]: <info>  [1486098642.9016] dhcp4 (enp0s3): activation: beginning transaction (timeout in 45 seconds)
Feb  2 22:10:42 cu-cs-vm NetworkManager[788]: <info>  [1486098642.9047] dhcp4 (enp0s3): dhclient started with pid 2961
Feb  2 22:10:42 cu-cs-vm dhclient[2961]: DHCPREQUEST of 10.0.2.15 on enp0s3 to 255.255.255.255 port 67 (xid=0x200c4772)
Feb  2 22:10:42 cu-cs-vm dhclient[2961]: DHCPACK of 10.0.2.15 from 10.0.2.2
Feb  2 22:10:42 cu-cs-vm NetworkManager[788]: <info>  [1486098642.9244]   address 10.0.2.15
Feb  2 22:10:42 cu-cs-vm NetworkManager[788]: <info>  [1486098642.9248]   plen 24 (255.255.255.0)
Feb  2 22:10:42 cu-cs-vm NetworkManager[788]: <info>  [1486098642.9251]   gateway 10.0.2.2
Feb  2 22:10:42 cu-cs-vm NetworkManager[788]: <info>  [1486098642.9254]   server identifier 10.0.2.2
Feb  2 22:10:42 cu-cs-vm NetworkManager[788]: <info>  [1486098642.9257]   lease time 86400
Feb  2 22:10:42 cu-cs-vm NetworkManager[788]: <info>  [1486098642.9260]   nameserver '10.0.2.3'
Feb  2 22:10:42 cu-cs-vm NetworkManager[788]: <info>  [1486098642.9263] dhcp4 (enp0s3): state changed unknown -> bound
Feb  2 22:10:42 cu-cs-vm avahi-daemon[743]: Joining mDNS multicast group on interface enp0s3.IPv4 with address 10.0.2.15.
Feb  2 22:10:42 cu-cs-vm dhclient[2961]: bound to 10.0.2.15 -- renewal in 39582 seconds.
Feb  2 22:10:42 cu-cs-vm avahi-daemon[743]: New relevant interface enp0s3.IPv4 for mDNS.
Feb  2 22:10:42 cu-cs-vm avahi-daemon[743]: Registering new address record for 10.0.2.15 on enp0s3.IPv4.
Feb  2 22:10:42 cu-cs-vm NetworkManager[788]: <info>  [1486098642.9288] device (enp0s3): state change: ip-config -> ip-check (reason 'none') [70 80 0]
Feb  2 22:10:42 cu-cs-vm whoopsie[779]: [22:10:42] Cannot reach: https://daisy.ubuntu.com
Feb  2 22:10:42 cu-cs-vm NetworkManager[788]: <info>  [1486098642.9302] device (enp0s3): state change: ip-check -> secondaries (reason 'none') [80 90 0]
Feb  2 22:10:42 cu-cs-vm NetworkManager[788]: <info>  [1486098642.9312] device (enp0s3): state change: secondaries -> activated (reason 'none') [90 100 0]
Feb  2 22:10:42 cu-cs-vm NetworkManager[788]: <info>  [1486098642.9314] manager: NetworkManager state is now CONNECTED_LOCAL
Feb  2 22:10:42 cu-cs-vm NetworkManager[788]: <info>  [1486098642.9319] manager: NetworkManager state is now CONNECTED_GLOBAL
Feb  2 22:10:42 cu-cs-vm NetworkManager[788]: <info>  [1486098642.9321] policy: set 'Wired connection 1' (enp0s3) as default for IPv4 routing and DNS
Feb  2 22:10:42 cu-cs-vm NetworkManager[788]: <info>  [1486098642.9323] dns-mgr: Writing DNS information to /sbin/resolvconf
Feb  2 22:10:42 cu-cs-vm dnsmasq[1092]: setting upstream servers from DBus
Feb  2 22:10:42 cu-cs-vm dnsmasq[1092]: using nameserver 10.0.2.3#53
Feb  2 22:10:42 cu-cs-vm NetworkManager[788]: <info>  [1486098642.9403] device (enp0s3): Activation: successful, device activated.
Feb  2 22:10:42 cu-cs-vm nm-dispatcher: req:2 'up' [enp0s3]: new request (1 scripts)
Feb  2 22:10:42 cu-cs-vm nm-dispatcher: req:2 'up' [enp0s3]: start running ordered scripts...
Feb  2 22:10:42 cu-cs-vm whoopsie[779]: [22:10:42] The default IPv4 route is: /org/freedesktop/NetworkManager/ActiveConnection/3
Feb  2 22:10:42 cu-cs-vm whoopsie[779]: [22:10:42] Not a paid data plan: /org/freedesktop/NetworkManager/ActiveConnection/3
Feb  2 22:10:42 cu-cs-vm whoopsie[779]: [22:10:42] Found usable connection: /org/freedesktop/NetworkManager/ActiveConnection/3
Feb  2 22:10:42 cu-cs-vm whoopsie[779]: [22:10:42] Cannot reach: https://daisy.ubuntu.com
Feb  2 22:10:43 cu-cs-vm systemd[1]: Reloading OpenBSD Secure Shell server.
Feb  2 22:10:43 cu-cs-vm systemd[1]: Reloaded OpenBSD Secure Shell server.
Feb  2 22:10:43 cu-cs-vm systemd[1]: Reloading OpenBSD Secure Shell server.
Feb  2 22:10:43 cu-cs-vm systemd[1]: Reloaded OpenBSD Secure Shell server.
Feb  2 22:10:43 cu-cs-vm whoopsie[779]: [22:10:43] Cannot reach: https://daisy.ubuntu.com
Feb  2 23:49:12 cu-cs-vm systemd[1269]: Time has been changed
Feb  2 23:49:12 cu-cs-vm systemd[1]: Time has been changed
Feb  2 23:49:12 cu-cs-vm systemd[1]: apt-daily.timer: Adding 9h 5min 20.491984s random time.
Feb  2 23:49:12 cu-cs-vm systemd[1]: snapd.refresh.timer: Adding 3h 5min 12.448856s random time.
Feb  2 23:49:12 cu-cs-vm avahi-daemon[743]: Joining mDNS multicast group on interface enp0s3.IPv6 with address fe80::76b7:2954:5ccf:231c.
Feb  2 23:49:12 cu-cs-vm avahi-daemon[743]: New relevant interface enp0s3.IPv6 for mDNS.
Feb  2 23:49:12 cu-cs-vm avahi-daemon[743]: Registering new address record for fe80::76b7:2954:5ccf:231c on enp0s3.*.
Feb  2 23:49:12 cu-cs-vm whoopsie[779]: [23:49:12] Cannot reach: https://daisy.ubuntu.com
Feb  2 23:49:13 cu-cs-vm whoopsie[779]: [23:49:13] Cannot reach: https://daisy.ubuntu.com
Feb  2 23:49:14 cu-cs-vm NetworkManager[788]: <info>  [1486104554.7702] device (enp0s3): link disconnected (deferring action for 4 seconds)
Feb  2 23:49:14 cu-cs-vm kernel: [ 1609.814242] e1000: enp0s3 NIC Link is Down
Feb  2 23:49:14 cu-cs-vm kernel: [ 1609.814287] e1000 0000:00:03.0 enp0s3: Reset adapter
Feb  2 23:49:19 cu-cs-vm NetworkManager[788]: <info>  [1486104559.1808] device (enp0s3): link disconnected (calling deferred action)
Feb  2 23:49:19 cu-cs-vm NetworkManager[788]: <info>  [1486104559.1812] device (enp0s3): state change: activated -> unavailable (reason 'carrier-changed') [100 20 40]
Feb  2 23:49:19 cu-cs-vm NetworkManager[788]: <info>  [1486104559.1981] dhcp4 (enp0s3): canceled DHCP transaction, DHCP client pid 2961
Feb  2 23:49:19 cu-cs-vm NetworkManager[788]: <info>  [1486104559.1981] dhcp4 (enp0s3): state changed bound -> done
Feb  2 23:49:19 cu-cs-vm avahi-daemon[743]: Withdrawing address record for 10.0.2.15 on enp0s3.
Feb  2 23:49:19 cu-cs-vm avahi-daemon[743]: Leaving mDNS multicast group on interface enp0s3.IPv4 with address 10.0.2.15.
Feb  2 23:49:19 cu-cs-vm whoopsie[779]: [23:49:19] Cannot reach: https://daisy.ubuntu.com
Feb  2 23:49:19 cu-cs-vm NetworkManager[788]: <info>  [1486104559.2009] dns-mgr: Writing DNS information to /sbin/resolvconf
Feb  2 23:49:19 cu-cs-vm avahi-daemon[743]: Interface enp0s3.IPv4 no longer relevant for mDNS.
Feb  2 23:49:19 cu-cs-vm avahi-daemon[743]: Withdrawing address record for fe80::76b7:2954:5ccf:231c on enp0s3.
Feb  2 23:49:19 cu-cs-vm avahi-daemon[743]: Leaving mDNS multicast group on interface enp0s3.IPv6 with address fe80::76b7:2954:5ccf:231c.
Feb  2 23:49:19 cu-cs-vm avahi-daemon[743]: Interface enp0s3.IPv6 no longer relevant for mDNS.
Feb  2 23:49:19 cu-cs-vm whoopsie[779]: [23:49:19] Cannot reach: https://daisy.ubuntu.com
Feb  2 23:49:19 cu-cs-vm dnsmasq[1092]: setting upstream servers from DBus
Feb  2 23:49:19 cu-cs-vm NetworkManager[788]: <info>  [1486104559.2071] manager: NetworkManager state is now CONNECTED_LOCAL
Feb  2 23:49:19 cu-cs-vm NetworkManager[788]: <info>  [1486104559.2074] manager: NetworkManager state is now DISCONNECTED
Feb  2 23:49:19 cu-cs-vm nm-dispatcher: req:3 'down' [enp0s3]: new request (1 scripts)
Feb  2 23:49:19 cu-cs-vm nm-dispatcher: req:3 'down' [enp0s3]: start running ordered scripts...
Feb  2 23:49:24 cu-cs-vm NetworkManager[788]: <info>  [1486104564.8466] device (enp0s3): link connected
Feb  2 23:49:24 cu-cs-vm NetworkManager[788]: <info>  [1486104564.8469] device (enp0s3): state change: unavailable -> disconnected (reason 'carrier-changed') [20 30 40]
Feb  2 23:49:24 cu-cs-vm NetworkManager[788]: <info>  [1486104564.8482] policy: auto-activating connection 'Wired connection 1'
Feb  2 23:49:24 cu-cs-vm NetworkManager[788]: <info>  [1486104564.8488] device (enp0s3): Activation: starting connection 'Wired connection 1' (3cb7398d-64fc-314d-9632-075cea2280ac)
Feb  2 23:49:24 cu-cs-vm NetworkManager[788]: <info>  [1486104564.8489] device (enp0s3): state change: disconnected -> prepare (reason 'none') [30 40 0]
Feb  2 23:49:24 cu-cs-vm NetworkManager[788]: <info>  [1486104564.8490] manager: NetworkManager state is now CONNECTING
Feb  2 23:49:24 cu-cs-vm NetworkManager[788]: <info>  [1486104564.8492] device (enp0s3): state change: prepare -> config (reason 'none') [40 50 0]
Feb  2 23:49:24 cu-cs-vm kernel: [ 1619.890309] e1000: enp0s3 NIC Link is Up 1000 Mbps Full Duplex, Flow Control: RX
Feb  2 23:49:24 cu-cs-vm NetworkManager[788]: <info>  [1486104564.8501] device (enp0s3): state change: config -> ip-config (reason 'none') [50 70 0]
Feb  2 23:49:24 cu-cs-vm NetworkManager[788]: <info>  [1486104564.8503] dhcp4 (enp0s3): activation: beginning transaction (timeout in 45 seconds)
Feb  2 23:49:24 cu-cs-vm NetworkManager[788]: <info>  [1486104564.8521] dhcp4 (enp0s3): dhclient started with pid 3120
Feb  2 23:49:24 cu-cs-vm dhclient[3120]: DHCPREQUEST of 10.0.2.15 on enp0s3 to 255.255.255.255 port 67 (xid=0x477aa788)
Feb  2 23:49:24 cu-cs-vm dhclient[3120]: DHCPACK of 10.0.2.15 from 10.0.2.2
Feb  2 23:49:24 cu-cs-vm NetworkManager[788]: <info>  [1486104564.8827]   address 10.0.2.15
Feb  2 23:49:24 cu-cs-vm NetworkManager[788]: <info>  [1486104564.8828]   plen 24 (255.255.255.0)
Feb  2 23:49:24 cu-cs-vm NetworkManager[788]: <info>  [1486104564.8828]   gateway 10.0.2.2
Feb  2 23:49:24 cu-cs-vm NetworkManager[788]: <info>  [1486104564.8828]   server identifier 10.0.2.2
Feb  2 23:49:24 cu-cs-vm NetworkManager[788]: <info>  [1486104564.8828]   lease time 86400
Feb  2 23:49:24 cu-cs-vm NetworkManager[788]: <info>  [1486104564.8828]   nameserver '75.75.75.75'
Feb  2 23:49:24 cu-cs-vm avahi-daemon[743]: Joining mDNS multicast group on interface enp0s3.IPv4 with address 10.0.2.15.
Feb  2 23:49:24 cu-cs-vm NetworkManager[788]: <info>  [1486104564.8828]   nameserver '75.75.76.76'
Feb  2 23:49:24 cu-cs-vm NetworkManager[788]: <info>  [1486104564.8828]   domain name 'hsd1.co.comcast.net.'
Feb  2 23:49:24 cu-cs-vm NetworkManager[788]: <info>  [1486104564.8828] dhcp4 (enp0s3): state changed unknown -> bound
Feb  2 23:49:24 cu-cs-vm avahi-daemon[743]: New relevant interface enp0s3.IPv4 for mDNS.
Feb  2 23:49:24 cu-cs-vm avahi-daemon[743]: Registering new address record for 10.0.2.15 on enp0s3.IPv4.
Feb  2 23:49:24 cu-cs-vm NetworkManager[788]: <info>  [1486104564.8845] device (enp0s3): state change: ip-config -> ip-check (reason 'none') [70 80 0]
Feb  2 23:49:24 cu-cs-vm NetworkManager[788]: <info>  [1486104564.8849] device (enp0s3): state change: ip-check -> secondaries (reason 'none') [80 90 0]
Feb  2 23:49:24 cu-cs-vm NetworkManager[788]: <info>  [1486104564.8850] device (enp0s3): state change: secondaries -> activated (reason 'none') [90 100 0]
Feb  2 23:49:24 cu-cs-vm NetworkManager[788]: <info>  [1486104564.8851] manager: NetworkManager state is now CONNECTED_LOCAL
Feb  2 23:49:24 cu-cs-vm NetworkManager[788]: <info>  [1486104564.8855] manager: NetworkManager state is now CONNECTED_GLOBAL
Feb  2 23:49:24 cu-cs-vm NetworkManager[788]: <info>  [1486104564.8856] policy: set 'Wired connection 1' (enp0s3) as default for IPv4 routing and DNS
Feb  2 23:49:24 cu-cs-vm NetworkManager[788]: <info>  [1486104564.8857] dns-mgr: Writing DNS information to /sbin/resolvconf
Feb  2 23:49:24 cu-cs-vm whoopsie[779]: [23:49:24] Cannot reach: https://daisy.ubuntu.com
Feb  2 23:49:24 cu-cs-vm dhclient[3120]: bound to 10.0.2.15 -- renewal in 43096 seconds.
Feb  2 23:49:24 cu-cs-vm dnsmasq[1092]: setting upstream servers from DBus
Feb  2 23:49:24 cu-cs-vm dnsmasq[1092]: using nameserver 75.75.75.75#53
Feb  2 23:49:24 cu-cs-vm dnsmasq[1092]: using nameserver 75.75.76.76#53
Feb  2 23:49:24 cu-cs-vm NetworkManager[788]: <info>  [1486104564.9624] device (enp0s3): Activation: successful, device activated.
Feb  2 23:49:24 cu-cs-vm nm-dispatcher: req:4 'up' [enp0s3]: new request (1 scripts)
Feb  2 23:49:24 cu-cs-vm nm-dispatcher: req:4 'up' [enp0s3]: start running ordered scripts...
Feb  2 23:49:24 cu-cs-vm whoopsie[779]: [23:49:24] The default IPv4 route is: /org/freedesktop/NetworkManager/ActiveConnection/4
Feb  2 23:49:24 cu-cs-vm whoopsie[779]: [23:49:24] Not a paid data plan: /org/freedesktop/NetworkManager/ActiveConnection/4
Feb  2 23:49:24 cu-cs-vm whoopsie[779]: [23:49:24] Found usable connection: /org/freedesktop/NetworkManager/ActiveConnection/4
Feb  2 23:49:24 cu-cs-vm whoopsie[779]: [23:49:24] online
Feb  2 23:49:25 cu-cs-vm systemd[1]: Reloading OpenBSD Secure Shell server.
Feb  2 23:49:25 cu-cs-vm systemd[1]: Reloaded OpenBSD Secure Shell server.
Feb  2 23:49:25 cu-cs-vm systemd[1]: Reloading OpenBSD Secure Shell server.
Feb  2 23:49:25 cu-cs-vm systemd[1]: Reloaded OpenBSD Secure Shell server.
Feb  2 23:49:25 cu-cs-vm avahi-daemon[743]: Joining mDNS multicast group on interface enp0s3.IPv6 with address fe80::76b7:2954:5ccf:231c.
Feb  2 23:49:25 cu-cs-vm avahi-daemon[743]: New relevant interface enp0s3.IPv6 for mDNS.
Feb  2 23:49:25 cu-cs-vm avahi-daemon[743]: Registering new address record for fe80::76b7:2954:5ccf:231c on enp0s3.*.
Feb  3 00:02:28 cu-cs-vm uptimed: moving up to position 7: 0 days, 00:40:04
Feb  3 00:03:30 cu-cs-vm NetworkManager[788]: <info>  [1486105410.5338] device (enp0s3): link disconnected (deferring action for 4 seconds)
Feb  3 00:03:30 cu-cs-vm kernel: [ 2465.504172] e1000: enp0s3 NIC Link is Down
Feb  3 00:28:22 cu-cs-vm systemd[1269]: Time has been changed
Feb  3 00:28:22 cu-cs-vm systemd[1]: Time has been changed
Feb  3 00:28:22 cu-cs-vm systemd[1]: apt-daily.timer: Adding 2h 2min 31.289433s random time.
Feb  3 00:28:22 cu-cs-vm systemd[1]: snapd.refresh.timer: Adding 1h 43min 8.865685s random time.
Feb  3 00:28:24 cu-cs-vm NetworkManager[788]: <info>  [1486106904.3260] device (enp0s3): link connected
Feb  3 00:28:24 cu-cs-vm NetworkManager[788]: <info>  [1486106904.3261] device (enp0s3): DHCPv4 lease renewal requested
Feb  3 00:28:24 cu-cs-vm kernel: [ 2469.511565] e1000: enp0s3 NIC Link is Up 1000 Mbps Full Duplex, Flow Control: RX
Feb  3 00:28:24 cu-cs-vm NetworkManager[788]: <info>  [1486106904.3351] dhcp4 (enp0s3): canceled DHCP transaction, DHCP client pid 3120
Feb  3 00:28:24 cu-cs-vm NetworkManager[788]: <info>  [1486106904.3351] dhcp4 (enp0s3): state changed bound -> done
Feb  3 00:28:24 cu-cs-vm NetworkManager[788]: <info>  [1486106904.3356] dhcp4 (enp0s3): activation: beginning transaction (timeout in 45 seconds)
Feb  3 00:28:24 cu-cs-vm NetworkManager[788]: <info>  [1486106904.3375] dhcp4 (enp0s3): dhclient started with pid 3323
Feb  3 00:28:24 cu-cs-vm dhclient[3323]: DHCPREQUEST of 10.0.2.15 on enp0s3 to 255.255.255.255 port 67 (xid=0x7576c520)
Feb  3 00:28:24 cu-cs-vm dhclient[3323]: DHCPACK of 10.0.2.15 from 10.0.2.2
Feb  3 00:28:24 cu-cs-vm NetworkManager[788]: <info>  [1486106904.3573]   address 10.0.2.15
Feb  3 00:28:24 cu-cs-vm NetworkManager[788]: <info>  [1486106904.3573]   plen 24 (255.255.255.0)
Feb  3 00:28:24 cu-cs-vm NetworkManager[788]: <info>  [1486106904.3574]   gateway 10.0.2.2
Feb  3 00:28:24 cu-cs-vm NetworkManager[788]: <info>  [1486106904.3574]   server identifier 10.0.2.2
Feb  3 00:28:24 cu-cs-vm NetworkManager[788]: <info>  [1486106904.3574]   lease time 86400
Feb  3 00:28:24 cu-cs-vm NetworkManager[788]: <info>  [1486106904.3574]   nameserver '75.75.75.75'
Feb  3 00:28:24 cu-cs-vm NetworkManager[788]: <info>  [1486106904.3574]   nameserver '75.75.76.76'
Feb  3 00:28:24 cu-cs-vm NetworkManager[788]: <info>  [1486106904.3574]   domain name 'hsd1.co.comcast.net.'
Feb  3 00:28:24 cu-cs-vm NetworkManager[788]: <info>  [1486106904.3574] dhcp4 (enp0s3): state changed unknown -> bound
Feb  3 00:28:24 cu-cs-vm dbus[760]: [system] Activating via systemd: service name='org.freedesktop.nm_dispatcher' unit='dbus-org.freedesktop.nm-dispatcher.service'
Feb  3 00:28:24 cu-cs-vm dhclient[3323]: bound to 10.0.2.15 -- renewal in 33871 seconds.
Feb  3 00:28:24 cu-cs-vm systemd[1]: Starting Network Manager Script Dispatcher Service...
Feb  3 00:28:24 cu-cs-vm dbus[760]: [system] Successfully activated service 'org.freedesktop.nm_dispatcher'
Feb  3 00:28:24 cu-cs-vm systemd[1]: Started Network Manager Script Dispatcher Service.
Feb  3 00:28:24 cu-cs-vm nm-dispatcher: req:1 'dhcp4-change' [enp0s3]: new request (1 scripts)
Feb  3 00:28:24 cu-cs-vm nm-dispatcher: req:1 'dhcp4-change' [enp0s3]: start running ordered scripts...
Feb  3 00:37:18 cu-cs-vm uptimed: moving up to position 6: 0 days, 00:50:04
Feb  3 00:38:17 cu-cs-vm kernel: [ 3062.414325] usb 1-1: USB disconnect, device number 2
Feb  3 00:38:17 cu-cs-vm NetworkManager[788]: <info>  [1486107497.5176] device (enp0s3): link disconnected (deferring action for 4 seconds)
Feb  3 00:38:17 cu-cs-vm kernel: [ 3062.703211] e1000: enp0s3 NIC Link is Down
Feb  3 00:38:17 cu-cs-vm kernel: [ 3063.003377] usb 1-1: new full-speed USB device number 3 using ohci-pci
Feb  3 00:38:18 cu-cs-vm kernel: [ 3063.265481] usb 1-1: New USB device found, idVendor=80ee, idProduct=0021
Feb  3 00:38:18 cu-cs-vm kernel: [ 3063.265484] usb 1-1: New USB device strings: Mfr=1, Product=3, SerialNumber=0
Feb  3 00:38:18 cu-cs-vm kernel: [ 3063.265485] usb 1-1: Product: USB Tablet
Feb  3 00:38:18 cu-cs-vm kernel: [ 3063.265486] usb 1-1: Manufacturer: VirtualBox
Feb  3 00:38:18 cu-cs-vm kernel: [ 3063.282344] input: VirtualBox USB Tablet as /devices/pci0000:00/0000:00:1f.4/usb1/1-1/1-1:1.0/0003:80EE:0021.0002/input/input8
Feb  3 00:38:18 cu-cs-vm mtp-probe: checking bus 1, device 3: "/sys/devices/pci0000:00/0000:00:1f.4/usb1/1-1"
Feb  3 00:38:18 cu-cs-vm mtp-probe: bus: 1, device: 3 was not an MTP device
Feb  3 00:38:18 cu-cs-vm kernel: [ 3063.335402] hid-generic 0003:80EE:0021.0002: input,hidraw0: USB HID v1.10 Mouse [VirtualBox USB Tablet] on usb-0000:00:1f.4-1/input0
Feb  3 00:38:21 cu-cs-vm NetworkManager[788]: <info>  [1486107501.9667] device (enp0s3): link disconnected (calling deferred action)
Feb  3 00:38:21 cu-cs-vm NetworkManager[788]: <info>  [1486107501.9670] device (enp0s3): state change: activated -> unavailable (reason 'carrier-changed') [100 20 40]
Feb  3 00:38:21 cu-cs-vm NetworkManager[788]: <info>  [1486107501.9788] dhcp4 (enp0s3): canceled DHCP transaction, DHCP client pid 3323
Feb  3 00:38:21 cu-cs-vm NetworkManager[788]: <info>  [1486107501.9789] dhcp4 (enp0s3): state changed bound -> done
Feb  3 00:38:21 cu-cs-vm avahi-daemon[743]: Withdrawing address record for 10.0.2.15 on enp0s3.
Feb  3 00:38:21 cu-cs-vm NetworkManager[788]: <info>  [1486107501.9806] dns-mgr: Writing DNS information to /sbin/resolvconf
Feb  3 00:38:21 cu-cs-vm avahi-daemon[743]: Leaving mDNS multicast group on interface enp0s3.IPv4 with address 10.0.2.15.
Feb  3 00:38:21 cu-cs-vm avahi-daemon[743]: Interface enp0s3.IPv4 no longer relevant for mDNS.
Feb  3 00:38:21 cu-cs-vm avahi-daemon[743]: Withdrawing address record for fe80::76b7:2954:5ccf:231c on enp0s3.
Feb  3 00:38:21 cu-cs-vm avahi-daemon[743]: Leaving mDNS multicast group on interface enp0s3.IPv6 with address fe80::76b7:2954:5ccf:231c.
Feb  3 00:38:21 cu-cs-vm avahi-daemon[743]: Interface enp0s3.IPv6 no longer relevant for mDNS.
Feb  3 00:38:21 cu-cs-vm dnsmasq[1092]: setting upstream servers from DBus
Feb  3 00:38:21 cu-cs-vm whoopsie[779]: [00:38:21] Cannot reach: https://daisy.ubuntu.com
Feb  3 00:38:21 cu-cs-vm whoopsie[779]: [00:38:21] offline
Feb  3 00:38:21 cu-cs-vm whoopsie[779]: [00:38:21] Cannot reach: https://daisy.ubuntu.com
Feb  3 00:38:22 cu-cs-vm NetworkManager[788]: <info>  [1486107502.0107] manager: NetworkManager state is now CONNECTED_LOCAL
Feb  3 00:38:22 cu-cs-vm NetworkManager[788]: <info>  [1486107502.0110] manager: NetworkManager state is now DISCONNECTED
Feb  3 00:38:22 cu-cs-vm dbus[760]: [system] Activating via systemd: service name='org.freedesktop.nm_dispatcher' unit='dbus-org.freedesktop.nm-dispatcher.service'
Feb  3 00:38:22 cu-cs-vm systemd[1]: Starting Network Manager Script Dispatcher Service...
Feb  3 00:38:22 cu-cs-vm dbus[760]: [system] Successfully activated service 'org.freedesktop.nm_dispatcher'
Feb  3 00:38:22 cu-cs-vm systemd[1]: Started Network Manager Script Dispatcher Service.
Feb  3 00:38:22 cu-cs-vm nm-dispatcher: req:1 'down' [enp0s3]: new request (1 scripts)
Feb  3 00:38:22 cu-cs-vm nm-dispatcher: req:1 'down' [enp0s3]: start running ordered scripts...
Feb  3 09:55:19 cu-cs-vm systemd[1]: Time has been changed
Feb  3 09:55:19 cu-cs-vm systemd[1]: apt-daily.timer: Adding 2h 37min 8.232280s random time.
Feb  3 09:55:19 cu-cs-vm systemd[1]: snapd.refresh.timer: Adding 5h 40min 32.942861s random time.
Feb  3 09:55:19 cu-cs-vm systemd[1269]: Time has been changed
Feb  3 09:55:19 cu-cs-vm systemd[1]: apt-daily.timer: Adding 5min 21.619265s random time.
Feb  3 09:55:19 cu-cs-vm systemd[1]: snapd.refresh.timer: Adding 4h 40min 58.520392s random time.
Feb  3 09:55:20 cu-cs-vm NetworkManager[788]: <info>  [1486140920.4189] device (enp0s3): link connected
Feb  3 09:55:20 cu-cs-vm NetworkManager[788]: <info>  [1486140920.4192] device (enp0s3): state change: unavailable -> disconnected (reason 'carrier-changed') [20 30 40]
Feb  3 09:55:20 cu-cs-vm NetworkManager[788]: <info>  [1486140920.4206] policy: auto-activating connection 'Wired connection 1'
Feb  3 09:55:20 cu-cs-vm NetworkManager[788]: <info>  [1486140920.4212] device (enp0s3): Activation: starting connection 'Wired connection 1' (3cb7398d-64fc-314d-9632-075cea2280ac)
Feb  3 09:55:20 cu-cs-vm NetworkManager[788]: <info>  [1486140920.4214] device (enp0s3): state change: disconnected -> prepare (reason 'none') [30 40 0]
Feb  3 09:55:20 cu-cs-vm NetworkManager[788]: <info>  [1486140920.4214] manager: NetworkManager state is now CONNECTING
Feb  3 09:55:20 cu-cs-vm NetworkManager[788]: <info>  [1486140920.4216] device (enp0s3): state change: prepare -> config (reason 'none') [40 50 0]
Feb  3 09:55:20 cu-cs-vm kernel: [ 3068.715669] e1000: enp0s3 NIC Link is Up 1000 Mbps Full Duplex, Flow Control: RX
Feb  3 09:55:20 cu-cs-vm NetworkManager[788]: <info>  [1486140920.4224] device (enp0s3): state change: config -> ip-config (reason 'none') [50 70 0]
Feb  3 09:55:20 cu-cs-vm NetworkManager[788]: <info>  [1486140920.4228] dhcp4 (enp0s3): activation: beginning transaction (timeout in 45 seconds)
Feb  3 09:55:20 cu-cs-vm NetworkManager[788]: <info>  [1486140920.4263] dhcp4 (enp0s3): dhclient started with pid 3445
Feb  3 09:55:20 cu-cs-vm dhclient[3445]: DHCPREQUEST of 10.0.2.15 on enp0s3 to 255.255.255.255 port 67 (xid=0x63b595d4)
Feb  3 09:55:20 cu-cs-vm dhclient[3445]: DHCPACK of 10.0.2.15 from 10.0.2.2
Feb  3 09:55:20 cu-cs-vm NetworkManager[788]: <info>  [1486140920.4449]   address 10.0.2.15
Feb  3 09:55:20 cu-cs-vm NetworkManager[788]: <info>  [1486140920.4450]   plen 24 (255.255.255.0)
Feb  3 09:55:20 cu-cs-vm NetworkManager[788]: <info>  [1486140920.4450]   gateway 10.0.2.2
Feb  3 09:55:20 cu-cs-vm NetworkManager[788]: <info>  [1486140920.4450]   server identifier 10.0.2.2
Feb  3 09:55:20 cu-cs-vm NetworkManager[788]: <info>  [1486140920.4450]   lease time 86400
Feb  3 09:55:20 cu-cs-vm NetworkManager[788]: <info>  [1486140920.4450]   nameserver '128.138.129.76'
Feb  3 09:55:20 cu-cs-vm avahi-daemon[743]: Joining mDNS multicast group on interface enp0s3.IPv4 with address 10.0.2.15.
Feb  3 09:55:20 cu-cs-vm NetworkManager[788]: <info>  [1486140920.4450]   nameserver '128.138.240.1'
Feb  3 09:55:20 cu-cs-vm NetworkManager[788]: <info>  [1486140920.4450]   nameserver '128.138.130.30'
Feb  3 09:55:20 cu-cs-vm NetworkManager[788]: <info>  [1486140920.4450]   domain name 'int.colorado.edu'
Feb  3 09:55:20 cu-cs-vm NetworkManager[788]: <info>  [1486140920.4450] dhcp4 (enp0s3): state changed unknown -> bound
Feb  3 09:55:20 cu-cs-vm avahi-daemon[743]: New relevant interface enp0s3.IPv4 for mDNS.
Feb  3 09:55:20 cu-cs-vm avahi-daemon[743]: Registering new address record for 10.0.2.15 on enp0s3.IPv4.
Feb  3 09:55:20 cu-cs-vm NetworkManager[788]: <info>  [1486140920.4472] device (enp0s3): state change: ip-config -> ip-check (reason 'none') [70 80 0]
Feb  3 09:55:20 cu-cs-vm whoopsie[779]: [09:55:20] Cannot reach: https://daisy.ubuntu.com
Feb  3 09:55:20 cu-cs-vm NetworkManager[788]: <info>  [1486140920.4485] device (enp0s3): state change: ip-check -> secondaries (reason 'none') [80 90 0]
Feb  3 09:55:20 cu-cs-vm NetworkManager[788]: <info>  [1486140920.4500] device (enp0s3): state change: secondaries -> activated (reason 'none') [90 100 0]
Feb  3 09:55:20 cu-cs-vm NetworkManager[788]: <info>  [1486140920.4503] manager: NetworkManager state is now CONNECTED_LOCAL
Feb  3 09:55:20 cu-cs-vm NetworkManager[788]: <info>  [1486140920.4513] manager: NetworkManager state is now CONNECTED_GLOBAL
Feb  3 09:55:20 cu-cs-vm NetworkManager[788]: <info>  [1486140920.4522] policy: set 'Wired connection 1' (enp0s3) as default for IPv4 routing and DNS
Feb  3 09:55:20 cu-cs-vm NetworkManager[788]: <info>  [1486140920.4526] dns-mgr: Writing DNS information to /sbin/resolvconf
Feb  3 09:55:20 cu-cs-vm dnsmasq[1092]: setting upstream servers from DBus
Feb  3 09:55:20 cu-cs-vm dnsmasq[1092]: using nameserver 128.138.129.76#53
Feb  3 09:55:20 cu-cs-vm dnsmasq[1092]: using nameserver 128.138.240.1#53
Feb  3 09:55:20 cu-cs-vm dnsmasq[1092]: using nameserver 128.138.130.30#53
Feb  3 09:55:20 cu-cs-vm dhclient[3445]: bound to 10.0.2.15 -- renewal in 41704 seconds.
Feb  3 09:55:20 cu-cs-vm NetworkManager[788]: <info>  [1486140920.5046] device (enp0s3): Activation: successful, device activated.
Feb  3 09:55:20 cu-cs-vm nm-dispatcher: req:2 'up' [enp0s3]: new request (1 scripts)
Feb  3 09:55:20 cu-cs-vm nm-dispatcher: req:2 'up' [enp0s3]: start running ordered scripts...
Feb  3 09:55:20 cu-cs-vm whoopsie[779]: [09:55:20] The default IPv4 route is: /org/freedesktop/NetworkManager/ActiveConnection/5
Feb  3 09:55:20 cu-cs-vm whoopsie[779]: [09:55:20] Not a paid data plan: /org/freedesktop/NetworkManager/ActiveConnection/5
Feb  3 09:55:20 cu-cs-vm whoopsie[779]: [09:55:20] Found usable connection: /org/freedesktop/NetworkManager/ActiveConnection/5
Feb  3 09:55:20 cu-cs-vm whoopsie[779]: [09:55:20] online
Feb  3 09:55:20 cu-cs-vm systemd[1]: Reloading OpenBSD Secure Shell server.
Feb  3 09:55:20 cu-cs-vm systemd[1]: Reloaded OpenBSD Secure Shell server.
Feb  3 09:55:20 cu-cs-vm systemd[1]: Reloading OpenBSD Secure Shell server.
Feb  3 09:55:20 cu-cs-vm systemd[1]: Reloaded OpenBSD Secure Shell server.
Feb  3 09:55:21 cu-cs-vm kernel: [ 3069.506091] Num1: 1
Feb  3 09:55:21 cu-cs-vm kernel: [ 3069.506095] Nul2: 2
Feb  3 09:55:21 cu-cs-vm kernel: [ 3069.506095] Result: 3
Feb  3 09:55:21 cu-cs-vm avahi-daemon[743]: Joining mDNS multicast group on interface enp0s3.IPv6 with address fe80::76b7:2954:5ccf:231c.
Feb  3 09:55:21 cu-cs-vm avahi-daemon[743]: New relevant interface enp0s3.IPv6 for mDNS.
Feb  3 09:55:21 cu-cs-vm avahi-daemon[743]: Registering new address record for fe80::76b7:2954:5ccf:231c on enp0s3.*.
Feb  3 10:04:15 cu-cs-vm uptimed: moving up to position 4: 0 days, 01:00:04
Feb  3 10:12:01 cu-cs-vm vboxadd.sh: Building Guest Additions kernel modules.
Feb  3 10:12:06 cu-cs-vm obexd[1842]: Terminating
Feb  3 10:12:06 cu-cs-vm systemd[1]: Stopping Session c1 of user user.
Feb  3 10:12:06 cu-cs-vm systemd[1]: Stopping Daemon for generating UUIDs...
Feb  3 10:12:06 cu-cs-vm systemd[1]: Stopping RealtimeKit Scheduling Policy Service...
Feb  3 10:12:06 cu-cs-vm systemd[1]: Stopping Daemon for power management...
Feb  3 10:12:06 cu-cs-vm systemd[1]: Closed Load/Save RF Kill Switch Status /dev/rfkill Watch.
Feb  3 10:12:06 cu-cs-vm systemd[1]: Stopping User Manager for UID 1000...
Feb  3 10:12:06 cu-cs-vm systemd[1]: Stopped target Sound Card.
Feb  3 10:12:06 cu-cs-vm systemd[1]: Stopping Disk Manager...
Feb  3 10:12:06 cu-cs-vm systemd[1]: Stopping ACPI event daemon...
Feb  3 10:12:06 cu-cs-vm systemd[1]: Stopped target Timers.
Feb  3 10:12:06 cu-cs-vm systemd[1]: Stopped Daily apt activities.
Feb  3 10:12:06 cu-cs-vm systemd[1269]: Stopped target Default.
Feb  3 10:12:06 cu-cs-vm systemd[1269]: Reached target Shutdown.
Feb  3 10:12:06 cu-cs-vm systemd[1269]: Starting Exit the Session...
Feb  3 10:12:06 cu-cs-vm systemd[1269]: Stopped target Basic System.
Feb  3 10:12:06 cu-cs-vm systemd[1269]: Stopped target Paths.
Feb  3 10:12:06 cu-cs-vm systemd[1269]: Stopped target Timers.
Feb  3 10:12:06 cu-cs-vm systemd[1269]: Stopped target Sockets.
Feb  3 10:12:06 cu-cs-vm systemd[1]: Stopping Save/Restore Sound Card State...
Feb  3 10:12:06 cu-cs-vm systemd[1]: Stopped Daily Cleanup of Temporary Directories.
Feb  3 10:12:06 cu-cs-vm systemd[1]: Stopped target Graphical Interface.
Feb  3 10:12:06 cu-cs-vm systemd[1]: Stopping Light Display Manager...
Feb  3 10:12:06 cu-cs-vm systemd[1]: Stopped target Multi-User System.
Feb  3 10:12:06 cu-cs-vm systemd[1]: Stopping uptime record daemon...
Feb  3 10:12:06 cu-cs-vm systemd[1]: Stopped target Login Prompts.
Feb  3 10:12:06 cu-cs-vm systemd[1]: Stopping Getty on tty1...
Feb  3 10:12:06 cu-cs-vm systemd[1]: Stopping Snappy daemon...
Feb  3 10:12:06 cu-cs-vm systemd[1]: Stopped Timer to automatically refresh installed snaps.
Feb  3 10:12:06 cu-cs-vm systemd[1]: Stopped target System Time Synchronized.
Feb  3 10:12:06 cu-cs-vm systemd[1269]: Received SIGRTMIN+24 from PID 9164 (kill).
Feb  3 10:12:06 cu-cs-vm /usr/lib/snapd/snapd[776]: main.go:67: Exiting on terminated signal.
Feb  3 10:12:06 cu-cs-vm snapd[776]: 2017/02/03 10:12:06.672952 main.go:67: Exiting on terminated signal.
Feb  3 10:12:06 cu-cs-vm systemd[1]: Stopping crash report submission daemon...
Feb  2 19:53:26 cu-cs-vm rsyslogd: [origin software="rsyslogd" swVersion="8.16.0" x-pid="795" x-info="http://www.rsyslog.com"] rsyslogd was HUPed
Feb  3 10:12:06 cu-cs-vm rsyslogd: [origin software="rsyslogd" swVersion="8.16.0" x-pid="795" x-info="http://www.rsyslog.com"] exiting on signal 15.
Feb  2 13:09:50 cu-cs-vm rsyslogd: [origin software="rsyslogd" swVersion="8.16.0" x-pid="854" x-info="http://www.rsyslog.com"] start
Feb  2 13:09:50 cu-cs-vm rsyslogd-2222: command 'KLogPermitNonKernelFacility' is currently not permitted - did you already set it via a RainerScript command (v6+ config)? [v8.16.0 try http://www.rsyslog.com/e/2222 ]
Feb  2 13:09:50 cu-cs-vm rsyslogd: rsyslogd's groupid changed to 108
Feb  2 13:09:50 cu-cs-vm rsyslogd: rsyslogd's userid changed to 104
Feb  2 13:09:50 cu-cs-vm rsyslogd-2039: Could not open output pipe '/dev/xconsole':: No such file or directory [v8.16.0 try http://www.rsyslog.com/e/2039 ]
Feb  2 13:09:50 cu-cs-vm rsyslogd-2007: action 'action 10' suspended, next retry is Thu Feb  2 13:10:20 2017 [v8.16.0 try http://www.rsyslog.com/e/2007 ]
Feb  2 13:09:50 cu-cs-vm kernel: [    0.000000] Initializing cgroup subsys cpuset
Feb  2 13:09:50 cu-cs-vm kernel: [    0.000000] Initializing cgroup subsys cpu
Feb  2 13:09:50 cu-cs-vm kernel: [    0.000000] Initializing cgroup subsys cpuacct
Feb  2 13:09:50 cu-cs-vm kernel: [    0.000000] Linux version 4.4.35Erokhin (root@cu-cs-vm) (gcc version 5.4.0 20160609 (Ubuntu 5.4.0-6ubuntu1~16.04.4) ) #4 SMP Fri Feb 3 10:10:51 MST 2017 (Ubuntu 4.4.0-59.80-generic 4.4.35)
Feb  2 13:09:50 cu-cs-vm kernel: [    0.000000] Command line: BOOT_IMAGE=/@/boot/vmlinuz-4.4.35Erokhin root=UUID=cdc63320-d9b3-4941-85c9-01e6f9786fb3 ro rootflags=subvol=@
Feb  2 13:09:50 cu-cs-vm kernel: [    0.000000] KERNEL supported cpus:
Feb  2 13:09:50 cu-cs-vm kernel: [    0.000000]   Intel GenuineIntel
Feb  2 13:09:50 cu-cs-vm kernel: [    0.000000]   AMD AuthenticAMD
Feb  2 13:09:50 cu-cs-vm kernel: [    0.000000]   Centaur CentaurHauls
Feb  2 13:09:50 cu-cs-vm kernel: [    0.000000] x86/fpu: xstate_offset[2]:  576, xstate_sizes[2]:  256
Feb  2 13:09:50 cu-cs-vm kernel: [    0.000000] x86/fpu: Supporting XSAVE feature 0x01: 'x87 floating point registers'
Feb  2 13:09:50 cu-cs-vm kernel: [    0.000000] x86/fpu: Supporting XSAVE feature 0x02: 'SSE registers'
Feb  2 13:09:50 cu-cs-vm kernel: [    0.000000] x86/fpu: Supporting XSAVE feature 0x04: 'AVX registers'
Feb  2 13:09:50 cu-cs-vm kernel: [    0.000000] x86/fpu: Enabled xstate features 0x7, context size is 832 bytes, using 'standard' format.
Feb  2 13:09:50 cu-cs-vm kernel: [    0.000000] x86/fpu: Using 'lazy' FPU context switches.
Feb  2 13:09:50 cu-cs-vm kernel: [    0.000000] e820: BIOS-provided physical RAM map:
Feb  2 13:09:50 cu-cs-vm kernel: [    0.000000] BIOS-e820: [mem 0x0000000000000000-0x000000000009fbff] usable
Feb  2 13:09:50 cu-cs-vm kernel: [    0.000000] BIOS-e820: [mem 0x000000000009fc00-0x000000000009ffff] reserved
Feb  2 13:09:50 cu-cs-vm kernel: [    0.000000] BIOS-e820: [mem 0x00000000000f0000-0x00000000000fffff] reserved
Feb  2 13:09:50 cu-cs-vm kernel: [    0.000000] BIOS-e820: [mem 0x0000000000100000-0x00000000dbfeffff] usable
Feb  2 13:09:50 cu-cs-vm kernel: [    0.000000] BIOS-e820: [mem 0x00000000dbff0000-0x00000000dbffffff] ACPI data
Feb  2 13:09:50 cu-cs-vm kernel: [    0.000000] BIOS-e820: [mem 0x00000000fec00000-0x00000000fec00fff] reserved
Feb  2 13:09:50 cu-cs-vm kernel: [    0.000000] BIOS-e820: [mem 0x00000000fee00000-0x00000000fee00fff] reserved
Feb  2 13:09:50 cu-cs-vm kernel: [    0.000000] BIOS-e820: [mem 0x00000000fffc0000-0x00000000ffffffff] reserved
Feb  2 13:09:50 cu-cs-vm kernel: [    0.000000] BIOS-e820: [mem 0x0000000100000000-0x0000000123ffffff] usable
Feb  2 13:09:50 cu-cs-vm kernel: [    0.000000] NX (Execute Disable) protection: active
Feb  2 13:09:50 cu-cs-vm kernel: [    0.000000] SMBIOS 2.5 present.
Feb  2 13:09:50 cu-cs-vm kernel: [    0.000000] DMI: innotek GmbH VirtualBox/VirtualBox, BIOS VirtualBox 12/01/2006
Feb  2 13:09:50 cu-cs-vm kernel: [    0.000000] Hypervisor detected: KVM
Feb  2 13:09:50 cu-cs-vm kernel: [    0.000000] e820: update [mem 0x00000000-0x00000fff] usable ==> reserved
Feb  2 13:09:50 cu-cs-vm kernel: [    0.000000] e820: remove [mem 0x000a0000-0x000fffff] usable
Feb  2 13:09:50 cu-cs-vm kernel: [    0.000000] e820: last_pfn = 0x124000 max_arch_pfn = 0x400000000
Feb  2 13:09:50 cu-cs-vm kernel: [    0.000000] MTRR default type: uncachable
Feb  2 13:09:50 cu-cs-vm kernel: [    0.000000] MTRR variable ranges disabled:
Feb  2 13:09:50 cu-cs-vm kernel: [    0.000000] MTRR: Disabled
Feb  2 13:09:50 cu-cs-vm kernel: [    0.000000] x86/PAT: MTRRs disabled, skipping PAT initialization too.
Feb  2 13:09:50 cu-cs-vm kernel: [    0.000000] x86/PAT: Configuration [0-7]: WB  WT  UC- UC  WB  WT  UC- UC  
Feb  2 13:09:50 cu-cs-vm kernel: [    0.000000] CPU MTRRs all blank - virtualized system.
Feb  2 13:09:50 cu-cs-vm kernel: [    0.000000] e820: last_pfn = 0xdbff0 max_arch_pfn = 0x400000000
Feb  2 13:09:50 cu-cs-vm kernel: [    0.000000] found SMP MP-table at [mem 0x0009fff0-0x0009ffff] mapped at [ffff88000009fff0]
Feb  2 13:09:50 cu-cs-vm kernel: [    0.000000] Scanning 1 areas for low memory corruption
Feb  2 13:09:50 cu-cs-vm kernel: [    0.000000] Base memory trampoline at [ffff880000099000] 99000 size 24576
Feb  2 13:09:50 cu-cs-vm kernel: [    0.000000] BRK [0x02205000, 0x02205fff] PGTABLE
Feb  2 13:09:50 cu-cs-vm kernel: [    0.000000] BRK [0x02206000, 0x02206fff] PGTABLE
Feb  2 13:09:50 cu-cs-vm kernel: [    0.000000] BRK [0x02207000, 0x02207fff] PGTABLE
Feb  2 13:09:50 cu-cs-vm kernel: [    0.000000] BRK [0x02208000, 0x02208fff] PGTABLE
Feb  2 13:09:50 cu-cs-vm kernel: [    0.000000] RAMDISK: [mem 0x335d2000-0x35ae0fff]
Feb  2 13:09:50 cu-cs-vm kernel: [    0.000000] ACPI: Early table checksum verification disabled
Feb  2 13:09:50 cu-cs-vm kernel: [    0.000000] ACPI: RSDP 0x00000000000E0000 000024 (v02 VBOX  )
Feb  2 13:09:50 cu-cs-vm kernel: [    0.000000] ACPI: XSDT 0x00000000DBFF0040 00004C (v01 VBOX   VBOXXSDT 00000001 ASL  00000061)
Feb  2 13:09:50 cu-cs-vm kernel: [    0.000000] ACPI: FACP 0x00000000DBFF0110 0000F4 (v04 VBOX   VBOXFACP 00000001 ASL  00000061)
Feb  2 13:09:50 cu-cs-vm kernel: [    0.000000] ACPI: DSDT 0x00000000DBFF0530 00210F (v01 VBOX   VBOXBIOS 00000002 INTL 20100528)
Feb  2 13:09:50 cu-cs-vm kernel: [    0.000000] ACPI: FACS 0x00000000DBFF0240 000040
Feb  2 13:09:50 cu-cs-vm kernel: [    0.000000] ACPI: FACS 0x00000000DBFF0240 000040
Feb  2 13:09:50 cu-cs-vm kernel: [    0.000000] ACPI: APIC 0x00000000DBFF0280 00005C (v02 VBOX   VBOXAPIC 00000001 ASL  00000061)
Feb  2 13:09:50 cu-cs-vm kernel: [    0.000000] ACPI: HPET 0x00000000DBFF02E0 000038 (v01 VBOX   VBOXHPET 00000001 ASL  00000061)
Feb  2 13:09:50 cu-cs-vm kernel: [    0.000000] ACPI: MCFG 0x00000000DBFF0320 00003C (v01 VBOX   VBOXMCFG 00000001 ASL  00000061)
Feb  2 13:09:50 cu-cs-vm kernel: [    0.000000] ACPI: SSDT 0x00000000DBFF0360 0001CC (v01 VBOX   VBOXCPUT 00000002 INTL 20100528)
Feb  2 13:09:50 cu-cs-vm kernel: [    0.000000] ACPI: Local APIC address 0xfee00000
Feb  2 13:09:50 cu-cs-vm kernel: [    0.000000] No NUMA configuration found
Feb  2 13:09:50 cu-cs-vm kernel: [    0.000000] Faking a node at [mem 0x0000000000000000-0x0000000123ffffff]
Feb  2 13:09:50 cu-cs-vm kernel: [    0.000000] NODE_DATA(0) allocated [mem 0x123ff7000-0x123ffbfff]
Feb  2 13:09:50 cu-cs-vm kernel: [    0.000000] kvm-clock: Using msrs 4b564d01 and 4b564d00
Feb  2 13:09:50 cu-cs-vm kernel: [    0.000000] kvm-clock: cpu 0, msr 1:23fef001, primary cpu clock
Feb  2 13:09:50 cu-cs-vm kernel: [    0.000000] kvm-clock: using sched offset of 7922937330237 cycles
Feb  2 13:09:50 cu-cs-vm kernel: [    0.000000] clocksource: kvm-clock: mask: 0xffffffffffffffff max_cycles: 0x1cd42e4dffb, max_idle_ns: 881590591483 ns
Feb  2 13:09:50 cu-cs-vm kernel: [    0.000000] Zone ranges:
Feb  2 13:09:50 cu-cs-vm kernel: [    0.000000]   DMA      [mem 0x0000000000001000-0x0000000000ffffff]
Feb  2 13:09:50 cu-cs-vm kernel: [    0.000000]   DMA32    [mem 0x0000000001000000-0x00000000ffffffff]
Feb  2 13:09:50 cu-cs-vm kernel: [    0.000000]   Normal   [mem 0x0000000100000000-0x0000000123ffffff]
Feb  2 13:09:50 cu-cs-vm kernel: [    0.000000]   Device   empty
Feb  2 13:09:50 cu-cs-vm kernel: [    0.000000] Movable zone start for each node
Feb  2 13:09:50 cu-cs-vm kernel: [    0.000000] Early memory node ranges
Feb  2 13:09:50 cu-cs-vm kernel: [    0.000000]   node   0: [mem 0x0000000000001000-0x000000000009efff]
Feb  2 13:09:50 cu-cs-vm kernel: [    0.000000]   node   0: [mem 0x0000000000100000-0x00000000dbfeffff]
Feb  2 13:09:50 cu-cs-vm kernel: [    0.000000]   node   0: [mem 0x0000000100000000-0x0000000123ffffff]
Feb  2 13:09:50 cu-cs-vm kernel: [    0.000000] Initmem setup node 0 [mem 0x0000000000001000-0x0000000123ffffff]
Feb  2 13:09:50 cu-cs-vm kernel: [    0.000000] On node 0 totalpages: 1048462
Feb  2 13:09:50 cu-cs-vm kernel: [    0.000000]   DMA zone: 64 pages used for memmap
Feb  2 13:09:50 cu-cs-vm kernel: [    0.000000]   DMA zone: 21 pages reserved
Feb  2 13:09:50 cu-cs-vm kernel: [    0.000000]   DMA zone: 3998 pages, LIFO batch:0
Feb  2 13:09:50 cu-cs-vm kernel: [    0.000000]   DMA32 zone: 14016 pages used for memmap
Feb  2 13:09:50 cu-cs-vm kernel: [    0.000000]   DMA32 zone: 897008 pages, LIFO batch:31
Feb  2 13:09:50 cu-cs-vm kernel: [    0.000000]   Normal zone: 2304 pages used for memmap
Feb  2 13:09:50 cu-cs-vm kernel: [    0.000000]   Normal zone: 147456 pages, LIFO batch:31
Feb  2 13:09:50 cu-cs-vm kernel: [    0.000000] ACPI: PM-Timer IO Port: 0x4008
Feb  2 13:09:50 cu-cs-vm kernel: [    0.000000] ACPI: Local APIC address 0xfee00000
Feb  2 13:09:50 cu-cs-vm kernel: [    0.000000] IOAPIC[0]: apic_id 2, version 32, address 0xfec00000, GSI 0-23
Feb  2 13:09:50 cu-cs-vm kernel: [    0.000000] ACPI: INT_SRC_OVR (bus 0 bus_irq 0 global_irq 2 dfl dfl)
Feb  2 13:09:50 cu-cs-vm kernel: [    0.000000] ACPI: INT_SRC_OVR (bus 0 bus_irq 9 global_irq 9 high level)
Feb  2 13:09:50 cu-cs-vm kernel: [    0.000000] ACPI: IRQ0 used by override.
Feb  2 13:09:50 cu-cs-vm kernel: [    0.000000] ACPI: IRQ9 used by override.
Feb  2 13:09:50 cu-cs-vm kernel: [    0.000000] Using ACPI (MADT) for SMP configuration information
Feb  2 13:09:50 cu-cs-vm kernel: [    0.000000] ACPI: HPET id: 0x8086a201 base: 0xfed00000
Feb  2 13:09:50 cu-cs-vm kernel: [    0.000000] smpboot: Allowing 2 CPUs, 0 hotplug CPUs
Feb  2 13:09:50 cu-cs-vm kernel: [    0.000000] PM: Registered nosave memory: [mem 0x00000000-0x00000fff]
Feb  2 13:09:50 cu-cs-vm kernel: [    0.000000] PM: Registered nosave memory: [mem 0x0009f000-0x0009ffff]
Feb  2 13:09:50 cu-cs-vm kernel: [    0.000000] PM: Registered nosave memory: [mem 0x000a0000-0x000effff]
Feb  2 13:09:50 cu-cs-vm kernel: [    0.000000] PM: Registered nosave memory: [mem 0x000f0000-0x000fffff]
Feb  2 13:09:50 cu-cs-vm kernel: [    0.000000] PM: Registered nosave memory: [mem 0xdbff0000-0xdbffffff]
Feb  2 13:09:50 cu-cs-vm kernel: [    0.000000] PM: Registered nosave memory: [mem 0xdc000000-0xfebfffff]
Feb  2 13:09:50 cu-cs-vm kernel: [    0.000000] PM: Registered nosave memory: [mem 0xfec00000-0xfec00fff]
Feb  2 13:09:50 cu-cs-vm kernel: [    0.000000] PM: Registered nosave memory: [mem 0xfec01000-0xfedfffff]
Feb  2 13:09:50 cu-cs-vm kernel: [    0.000000] PM: Registered nosave memory: [mem 0xfee00000-0xfee00fff]
Feb  2 13:09:50 cu-cs-vm kernel: [    0.000000] PM: Registered nosave memory: [mem 0xfee01000-0xfffbffff]
Feb  2 13:09:50 cu-cs-vm kernel: [    0.000000] PM: Registered nosave memory: [mem 0xfffc0000-0xffffffff]
Feb  2 13:09:50 cu-cs-vm kernel: [    0.000000] e820: [mem 0xdc000000-0xfebfffff] available for PCI devices
Feb  2 13:09:50 cu-cs-vm kernel: [    0.000000] Booting paravirtualized kernel on KVM
Feb  2 13:09:50 cu-cs-vm kernel: [    0.000000] clocksource: refined-jiffies: mask: 0xffffffff max_cycles: 0xffffffff, max_idle_ns: 7645519600211568 ns
Feb  2 13:09:50 cu-cs-vm kernel: [    0.000000] setup_percpu: NR_CPUS:512 nr_cpumask_bits:512 nr_cpu_ids:2 nr_node_ids:1
Feb  2 13:09:50 cu-cs-vm kernel: [    0.000000] PERCPU: Embedded 33 pages/cpu @ffff880123c00000 s98200 r8192 d28776 u1048576
Feb  2 13:09:50 cu-cs-vm kernel: [    0.000000] pcpu-alloc: s98200 r8192 d28776 u1048576 alloc=1*2097152
Feb  2 13:09:50 cu-cs-vm kernel: [    0.000000] pcpu-alloc: [0] 0 1 
Feb  2 13:09:50 cu-cs-vm kernel: [    0.000000] PV qspinlock hash table entries: 256 (order: 0, 4096 bytes)
Feb  2 13:09:50 cu-cs-vm kernel: [    0.000000] Built 1 zonelists in Node order, mobility grouping on.  Total pages: 1032057
Feb  2 13:09:50 cu-cs-vm kernel: [    0.000000] Policy zone: Normal
Feb  2 13:09:50 cu-cs-vm kernel: [    0.000000] Kernel command line: BOOT_IMAGE=/@/boot/vmlinuz-4.4.35Erokhin root=UUID=cdc63320-d9b3-4941-85c9-01e6f9786fb3 ro rootflags=subvol=@
Feb  2 13:09:50 cu-cs-vm kernel: [    0.000000] PID hash table entries: 4096 (order: 3, 32768 bytes)
Feb  2 13:09:50 cu-cs-vm kernel: [    0.000000] Calgary: detecting Calgary via BIOS EBDA area
Feb  2 13:09:50 cu-cs-vm kernel: [    0.000000] Calgary: Unable to locate Rio Grande table in EBDA - bailing!
Feb  2 13:09:50 cu-cs-vm kernel: [    0.000000] Memory: 4003120K/4193848K available (8255K kernel code, 1277K rwdata, 3812K rodata, 1480K init, 1316K bss, 190728K reserved, 0K cma-reserved)
Feb  2 13:09:50 cu-cs-vm kernel: [    0.000000] SLUB: HWalign=64, Order=0-3, MinObjects=0, CPUs=2, Nodes=1
Feb  2 13:09:50 cu-cs-vm kernel: [    0.000000] Hierarchical RCU implementation.
Feb  2 13:09:50 cu-cs-vm kernel: [    0.000000] 	Build-time adjustment of leaf fanout to 64.
Feb  2 13:09:50 cu-cs-vm kernel: [    0.000000] 	RCU restricting CPUs from NR_CPUS=512 to nr_cpu_ids=2.
Feb  2 13:09:50 cu-cs-vm kernel: [    0.000000] RCU: Adjusting geometry for rcu_fanout_leaf=64, nr_cpu_ids=2
Feb  2 13:09:50 cu-cs-vm kernel: [    0.000000] NR_IRQS:33024 nr_irqs:440 16
Feb  2 13:09:50 cu-cs-vm kernel: [    0.000000] Console: colour VGA+ 80x25
Feb  2 13:09:50 cu-cs-vm kernel: [    0.000000] console [tty0] enabled
Feb  2 13:09:50 cu-cs-vm kernel: [    0.000000] clocksource: hpet: mask: 0xffffffff max_cycles: 0xffffffff, max_idle_ns: 133484882848 ns
Feb  2 13:09:50 cu-cs-vm kernel: [    0.000000] hpet clockevent registered
Feb  2 13:09:50 cu-cs-vm kernel: [    0.000000] tsc: Detected 2593.994 MHz processor
Feb  2 13:09:50 cu-cs-vm kernel: [    0.091857] Calibrating delay loop (skipped) preset value.. 5187.98 BogoMIPS (lpj=10375976)
Feb  2 13:09:50 cu-cs-vm kernel: [    0.092534] pid_max: default: 32768 minimum: 301
Feb  2 13:09:50 cu-cs-vm kernel: [    0.092854] ACPI: Core revision 20150930
Feb  2 13:09:50 cu-cs-vm kernel: [    0.093925] ACPI: 2 ACPI AML tables successfully acquired and loaded
Feb  2 13:09:50 cu-cs-vm kernel: [    0.094395] Security Framework initialized
Feb  2 13:09:50 cu-cs-vm kernel: [    0.094709] Yama: becoming mindful.
Feb  2 13:09:50 cu-cs-vm kernel: [    0.095000] AppArmor: AppArmor initialized
Feb  2 13:09:50 cu-cs-vm kernel: [    0.095843] Dentry cache hash table entries: 524288 (order: 10, 4194304 bytes)
Feb  2 13:09:50 cu-cs-vm kernel: [    0.097549] Inode-cache hash table entries: 262144 (order: 9, 2097152 bytes)
Feb  2 13:09:50 cu-cs-vm kernel: [    0.098160] Mount-cache hash table entries: 8192 (order: 4, 65536 bytes)
Feb  2 13:09:50 cu-cs-vm kernel: [    0.098499] Mountpoint-cache hash table entries: 8192 (order: 4, 65536 bytes)
Feb  2 13:09:50 cu-cs-vm kernel: [    0.098988] Initializing cgroup subsys io
Feb  2 13:09:50 cu-cs-vm kernel: [    0.099289] Initializing cgroup subsys memory
Feb  2 13:09:50 cu-cs-vm kernel: [    0.099603] Initializing cgroup subsys devices
Feb  2 13:09:50 cu-cs-vm kernel: [    0.099922] Initializing cgroup subsys freezer
Feb  2 13:09:50 cu-cs-vm kernel: [    0.100226] Initializing cgroup subsys net_cls
Feb  2 13:09:50 cu-cs-vm kernel: [    0.100518] Initializing cgroup subsys perf_event
Feb  2 13:09:50 cu-cs-vm kernel: [    0.100825] Initializing cgroup subsys net_prio
Feb  2 13:09:50 cu-cs-vm kernel: [    0.101229] Initializing cgroup subsys hugetlb
Feb  2 13:09:50 cu-cs-vm kernel: [    0.101537] Initializing cgroup subsys pids
Feb  2 13:09:50 cu-cs-vm kernel: [    0.101922] CPU: Physical Processor ID: 0
Feb  2 13:09:50 cu-cs-vm kernel: [    0.102214] CPU: Processor Core ID: 0
Feb  2 13:09:50 cu-cs-vm kernel: [    0.103608] mce: CPU supports 0 MCE banks
Feb  2 13:09:50 cu-cs-vm kernel: [    0.103953] Last level iTLB entries: 4KB 1024, 2MB 1024, 4MB 1024
Feb  2 13:09:50 cu-cs-vm kernel: [    0.104303] Last level dTLB entries: 4KB 1024, 2MB 1024, 4MB 1024, 1GB 4
Feb  2 13:09:50 cu-cs-vm kernel: [    0.106670] Freeing SMP alternatives memory: 28K (ffffffff820b3000 - ffffffff820ba000)
Feb  2 13:09:50 cu-cs-vm kernel: [    0.114774] ftrace: allocating 31319 entries in 123 pages
Feb  2 13:09:50 cu-cs-vm kernel: [    0.151449] smpboot: APIC(0) Converting physical 0 to logical package 0
Feb  2 13:09:50 cu-cs-vm kernel: [    0.151788] smpboot: Max logical packages: 1
Feb  2 13:09:50 cu-cs-vm kernel: [    0.152317] x2apic enabled
Feb  2 13:09:50 cu-cs-vm kernel: [    0.152777] Switched APIC routing to physical x2apic.
Feb  2 13:09:50 cu-cs-vm kernel: [    0.154311] ..TIMER: vector=0x30 apic1=0 pin1=2 apic2=-1 pin2=-1
Feb  2 13:09:50 cu-cs-vm kernel: [    0.264623] APIC calibration not consistent with PM-Timer: 104ms instead of 100ms
Feb  2 13:09:50 cu-cs-vm kernel: [    0.265481] APIC delta adjusted to PM-Timer: 6249912 (6501146)
Feb  2 13:09:50 cu-cs-vm kernel: [    0.265867] smpboot: CPU0: Intel(R) Core(TM) i7-4960HQ CPU @ 2.60GHz (family: 0x6, model: 0x46, stepping: 0x1)
Feb  2 13:09:50 cu-cs-vm kernel: [    0.266647] Performance Events: unsupported p6 CPU model 70 no PMU driver, software events only.
Feb  2 13:09:50 cu-cs-vm kernel: [    0.267331] KVM setup paravirtual spinlock
Feb  2 13:09:50 cu-cs-vm kernel: [    0.268435] x86: Booting SMP configuration:
Feb  2 13:09:50 cu-cs-vm kernel: [    0.268721] .... node  #0, CPUs:      #1
Feb  2 13:09:50 cu-cs-vm kernel: [    0.269132] kvm-clock: cpu 1, msr 1:23fef041, secondary cpu clock
Feb  2 13:09:50 cu-cs-vm kernel: [    0.269980] mce: CPU supports 0 MCE banks
Feb  2 13:09:50 cu-cs-vm kernel: [    0.272025] x86: Booted up 1 node, 2 CPUs
Feb  2 13:09:50 cu-cs-vm kernel: [    0.273107] smpboot: Total of 2 processors activated (10375.97 BogoMIPS)
Feb  2 13:09:50 cu-cs-vm kernel: [    0.274013] devtmpfs: initialized
Feb  2 13:09:50 cu-cs-vm kernel: [    0.275537] evm: security.selinux
Feb  2 13:09:50 cu-cs-vm kernel: [    0.275800] evm: security.SMACK64
Feb  2 13:09:50 cu-cs-vm kernel: [    0.276062] evm: security.SMACK64EXEC
Feb  2 13:09:50 cu-cs-vm kernel: [    0.276335] evm: security.SMACK64TRANSMUTE
Feb  2 13:09:50 cu-cs-vm kernel: [    0.276613] evm: security.SMACK64MMAP
Feb  2 13:09:50 cu-cs-vm kernel: [    0.277026] evm: security.ima
Feb  2 13:09:50 cu-cs-vm kernel: [    0.277296] evm: security.capability
Feb  2 13:09:50 cu-cs-vm kernel: [    0.277770] clocksource: jiffies: mask: 0xffffffff max_cycles: 0xffffffff, max_idle_ns: 7645041785100000 ns
Feb  2 13:09:50 cu-cs-vm kernel: [    0.278471] pinctrl core: initialized pinctrl subsystem
Feb  2 13:09:50 cu-cs-vm kernel: [    0.278867] RTC time: 20:09:45, date: 02/02/17
Feb  2 13:09:50 cu-cs-vm kernel: [    0.279220] NET: Registered protocol family 16
Feb  2 13:09:50 cu-cs-vm kernel: [    0.290125] cpuidle: using governor ladder
Feb  2 13:09:50 cu-cs-vm kernel: [    0.302148] cpuidle: using governor menu
Feb  2 13:09:50 cu-cs-vm kernel: [    0.302503] PCCT header not found.
Feb  2 13:09:50 cu-cs-vm kernel: [    0.302928] ACPI: bus type PCI registered
Feb  2 13:09:50 cu-cs-vm kernel: [    0.303268] acpiphp: ACPI Hot Plug PCI Controller Driver version: 0.5
Feb  2 13:09:50 cu-cs-vm kernel: [    0.303748] PCI: MMCONFIG for domain 0000 [bus 00-3f] at [mem 0xdc000000-0xdfffffff] (base 0xdc000000)
Feb  2 13:09:50 cu-cs-vm kernel: [    0.304418] PCI: not using MMCONFIG
Feb  2 13:09:50 cu-cs-vm kernel: [    0.304705] PCI: Using configuration type 1 for base access
Feb  2 13:09:50 cu-cs-vm kernel: [    0.333720] ACPI: Added _OSI(Module Device)
Feb  2 13:09:50 cu-cs-vm kernel: [    0.334030] ACPI: Added _OSI(Processor Device)
Feb  2 13:09:50 cu-cs-vm kernel: [    0.334346] ACPI: Added _OSI(3.0 _SCP Extensions)
Feb  2 13:09:50 cu-cs-vm kernel: [    0.334676] ACPI: Added _OSI(Processor Aggregator Device)
Feb  2 13:09:50 cu-cs-vm kernel: [    0.335704] ACPI: Executed 1 blocks of module-level executable AML code
Feb  2 13:09:50 cu-cs-vm kernel: [    0.337817] ACPI: Interpreter enabled
Feb  2 13:09:50 cu-cs-vm kernel: [    0.338126] ACPI: (supports S0 S5)
Feb  2 13:09:50 cu-cs-vm kernel: [    0.347335] ACPI: Using IOAPIC for interrupt routing
Feb  2 13:09:50 cu-cs-vm kernel: [    0.347793] PCI: MMCONFIG for domain 0000 [bus 00-3f] at [mem 0xdc000000-0xdfffffff] (base 0xdc000000)
Feb  2 13:09:50 cu-cs-vm kernel: [    0.348596] PCI: MMCONFIG at [mem 0xdc000000-0xdfffffff] reserved in ACPI motherboard resources
Feb  2 13:09:50 cu-cs-vm kernel: [    0.349125] PCI: Using host bridge windows from ACPI; if necessary, use "pci=nocrs" and report a bug
Feb  2 13:09:50 cu-cs-vm kernel: [    0.352800] ACPI: PCI Root Bridge [PCI0] (domain 0000 [bus 00-ff])
Feb  2 13:09:50 cu-cs-vm kernel: [    0.353158] acpi PNP0A03:00: _OSC: OS supports [ExtendedConfig ASPM ClockPM Segments MSI]
Feb  2 13:09:50 cu-cs-vm kernel: [    0.353918] acpi PNP0A03:00: _OSC failed (AE_NOT_FOUND); disabling ASPM
Feb  2 13:09:50 cu-cs-vm kernel: [    0.373837] acpi PNP0A03:00: [Firmware Info]: MMCONFIG for domain 0000 [bus 00-3f] only partially covers this bridge
Feb  2 13:09:50 cu-cs-vm kernel: [    0.374723] PCI host bridge to bus 0000:00
Feb  2 13:09:50 cu-cs-vm kernel: [    0.375023] pci_bus 0000:00: root bus resource [io  0x0000-0x0cf7 window]
Feb  2 13:09:50 cu-cs-vm kernel: [    0.375496] pci_bus 0000:00: root bus resource [io  0x0d00-0xffff window]
Feb  2 13:09:50 cu-cs-vm kernel: [    0.376018] pci_bus 0000:00: root bus resource [mem 0x000a0000-0x000bffff window]
Feb  2 13:09:50 cu-cs-vm kernel: [    0.376839] pci_bus 0000:00: root bus resource [mem 0xdc000000-0xffdfffff window]
Feb  2 13:09:50 cu-cs-vm kernel: [    0.377477] pci_bus 0000:00: root bus resource [bus 00-ff]
Feb  2 13:09:50 cu-cs-vm kernel: [    0.377868] pci 0000:00:02.0: [80ee:beef] type 00 class 0x030000
Feb  2 13:09:50 cu-cs-vm kernel: [    0.382037] pci 0000:00:02.0: reg 0x10: [mem 0xe0000000-0xe7ffffff pref]
Feb  2 13:09:50 cu-cs-vm kernel: [    0.421244] pci 0000:00:03.0: [8086:100e] type 00 class 0x020000
Feb  2 13:09:50 cu-cs-vm kernel: [    0.423141] pci 0000:00:03.0: reg 0x10: [mem 0xf0000000-0xf001ffff]
Feb  2 13:09:50 cu-cs-vm kernel: [    0.426276] pci 0000:00:03.0: reg 0x18: [io  0xd000-0xd007]
Feb  2 13:09:50 cu-cs-vm kernel: [    0.433335] pci 0000:00:04.0: [80ee:cafe] type 00 class 0x088000
Feb  2 13:09:50 cu-cs-vm kernel: [    0.434800] pci 0000:00:04.0: reg 0x10: [io  0xd020-0xd03f]
Feb  2 13:09:50 cu-cs-vm kernel: [    0.436166] pci 0000:00:04.0: reg 0x14: [mem 0xf0400000-0xf07fffff]
Feb  2 13:09:50 cu-cs-vm kernel: [    0.437887] pci 0000:00:04.0: reg 0x18: [mem 0xf0800000-0xf0803fff pref]
Feb  2 13:09:50 cu-cs-vm kernel: [    0.449173] pci 0000:00:05.0: [8086:2415] type 00 class 0x040100
Feb  2 13:09:50 cu-cs-vm kernel: [    0.449277] pci 0000:00:05.0: reg 0x10: [io  0xd100-0xd1ff]
Feb  2 13:09:50 cu-cs-vm kernel: [    0.449328] pci 0000:00:05.0: reg 0x14: [io  0xd200-0xd23f]
Feb  2 13:09:50 cu-cs-vm kernel: [    0.449726] pci 0000:00:07.0: [8086:7113] type 00 class 0x068000
Feb  2 13:09:50 cu-cs-vm kernel: [    0.450095] pci 0000:00:07.0: quirk: [io  0x4000-0x403f] claimed by PIIX4 ACPI
Feb  2 13:09:50 cu-cs-vm kernel: [    0.450619] pci 0000:00:07.0: quirk: [io  0x4100-0x410f] claimed by PIIX4 SMB
Feb  2 13:09:50 cu-cs-vm kernel: [    0.451293] pci 0000:00:18.0: [8086:2448] type 01 class 0x060401
Feb  2 13:09:50 cu-cs-vm kernel: [    0.451629] pci 0000:00:19.0: [8086:2448] type 01 class 0x060401
Feb  2 13:09:50 cu-cs-vm kernel: [    0.451965] pci 0000:00:1f.0: [8086:27b9] type 00 class 0x060100
Feb  2 13:09:50 cu-cs-vm kernel: [    0.452327] pci 0000:00:1f.0: quirk: [io  0x8000-0x807f] claimed by ICH6 ACPI/GPIO/TCO
Feb  2 13:09:50 cu-cs-vm kernel: [    0.453031] pci 0000:00:1f.2: [8086:2829] type 00 class 0x010601
Feb  2 13:09:50 cu-cs-vm kernel: [    0.454570] pci 0000:00:1f.2: reg 0x10: [io  0xe000-0xe007]
Feb  2 13:09:50 cu-cs-vm kernel: [    0.455947] pci 0000:00:1f.2: reg 0x14: [io  0xe008-0xe00b]
Feb  2 13:09:50 cu-cs-vm kernel: [    0.457335] pci 0000:00:1f.2: reg 0x18: [io  0xe010-0xe017]
Feb  2 13:09:50 cu-cs-vm kernel: [    0.458697] pci 0000:00:1f.2: reg 0x1c: [io  0xe018-0xe01b]
Feb  2 13:09:50 cu-cs-vm kernel: [    0.460117] pci 0000:00:1f.2: reg 0x20: [io  0xe020-0xe02f]
Feb  2 13:09:50 cu-cs-vm kernel: [    0.461777] pci 0000:00:1f.2: reg 0x24: [mem 0xf0900000-0xf0901fff]
Feb  2 13:09:50 cu-cs-vm kernel: [    0.463884] pci 0000:00:1f.4: [106b:003f] type 00 class 0x0c0310
Feb  2 13:09:50 cu-cs-vm kernel: [    0.465503] pci 0000:00:1f.4: reg 0x10: [mem 0xf0902000-0xf0902fff]
Feb  2 13:09:50 cu-cs-vm kernel: [    0.477021] pci 0000:00:18.0: PCI bridge to [bus 01] (subtractive decode)
Feb  2 13:09:50 cu-cs-vm kernel: [    0.477437] pci 0000:00:18.0:   bridge window [io  0x0000-0x0cf7 window] (subtractive decode)
Feb  2 13:09:50 cu-cs-vm kernel: [    0.477439] pci 0000:00:18.0:   bridge window [io  0x0d00-0xffff window] (subtractive decode)
Feb  2 13:09:50 cu-cs-vm kernel: [    0.477440] pci 0000:00:18.0:   bridge window [mem 0x000a0000-0x000bffff window] (subtractive decode)
Feb  2 13:09:50 cu-cs-vm kernel: [    0.477441] pci 0000:00:18.0:   bridge window [mem 0xdc000000-0xffdfffff window] (subtractive decode)
Feb  2 13:09:50 cu-cs-vm kernel: [    0.477723] pci 0000:00:19.0: PCI bridge to [bus 02] (subtractive decode)
Feb  2 13:09:50 cu-cs-vm kernel: [    0.478113] pci 0000:00:19.0:   bridge window [io  0x0000-0x0cf7 window] (subtractive decode)
Feb  2 13:09:50 cu-cs-vm kernel: [    0.478114] pci 0000:00:19.0:   bridge window [io  0x0d00-0xffff window] (subtractive decode)
Feb  2 13:09:50 cu-cs-vm kernel: [    0.478115] pci 0000:00:19.0:   bridge window [mem 0x000a0000-0x000bffff window] (subtractive decode)
Feb  2 13:09:50 cu-cs-vm kernel: [    0.478116] pci 0000:00:19.0:   bridge window [mem 0xdc000000-0xffdfffff window] (subtractive decode)
Feb  2 13:09:50 cu-cs-vm kernel: [    0.479096] ACPI: PCI Interrupt Link [LNKA] (IRQs 5 9 10 *11), disabled.
Feb  2 13:09:50 cu-cs-vm kernel: [    0.498510] ACPI: PCI Interrupt Link [LNKB] (IRQs 5 *9 10 11), disabled.
Feb  2 13:09:50 cu-cs-vm kernel: [    0.499226] ACPI: PCI Interrupt Link [LNKC] (IRQs 5 9 10 *11), disabled.
Feb  2 13:09:50 cu-cs-vm kernel: [    0.499953] ACPI: PCI Interrupt Link [LNKD] (IRQs 5 9 10 *11), disabled.
Feb  2 13:09:50 cu-cs-vm kernel: [    0.500759] ACPI: Enabled 2 GPEs in block 00 to 07
Feb  2 13:09:50 cu-cs-vm kernel: [    0.501559] vgaarb: setting as boot device: PCI:0000:00:02.0
Feb  2 13:09:50 cu-cs-vm kernel: [    0.501899] vgaarb: device added: PCI:0000:00:02.0,decodes=io+mem,owns=io+mem,locks=none
Feb  2 13:09:50 cu-cs-vm kernel: [    0.502447] vgaarb: loaded
Feb  2 13:09:50 cu-cs-vm kernel: [    0.502732] vgaarb: bridge control possible 0000:00:02.0
Feb  2 13:09:50 cu-cs-vm kernel: [    0.504386] SCSI subsystem initialized
Feb  2 13:09:50 cu-cs-vm kernel: [    0.504830] libata version 3.00 loaded.
Feb  2 13:09:50 cu-cs-vm kernel: [    0.504872] ACPI: bus type USB registered
Feb  2 13:09:50 cu-cs-vm kernel: [    0.505255] usbcore: registered new interface driver usbfs
Feb  2 13:09:50 cu-cs-vm kernel: [    0.505691] usbcore: registered new interface driver hub
Feb  2 13:09:50 cu-cs-vm kernel: [    0.506057] usbcore: registered new device driver usb
Feb  2 13:09:50 cu-cs-vm kernel: [    0.506798] PCI: Using ACPI for IRQ routing
Feb  2 13:09:50 cu-cs-vm kernel: [    0.538486] PCI: pci_cache_line_size set to 64 bytes
Feb  2 13:09:50 cu-cs-vm kernel: [    0.538630] e820: reserve RAM buffer [mem 0x0009fc00-0x0009ffff]
Feb  2 13:09:50 cu-cs-vm kernel: [    0.538639] e820: reserve RAM buffer [mem 0xdbff0000-0xdbffffff]
Feb  2 13:09:50 cu-cs-vm kernel: [    0.538764] NetLabel: Initializing
Feb  2 13:09:50 cu-cs-vm kernel: [    0.539052] NetLabel:  domain hash size = 128
Feb  2 13:09:50 cu-cs-vm kernel: [    0.539354] NetLabel:  protocols = UNLABELED CIPSOv4
Feb  2 13:09:50 cu-cs-vm kernel: [    0.539686] NetLabel:  unlabeled traffic allowed by default
Feb  2 13:09:50 cu-cs-vm kernel: [    0.540190] HPET: 4 timers in total, 0 timers will be used for per-cpu timer
Feb  2 13:09:50 cu-cs-vm kernel: [    0.540616] hpet0: at MMIO 0xfed00000, IRQs 2, 8, 0, 0
Feb  2 13:09:50 cu-cs-vm kernel: [    0.541167] hpet0: 4 comparators, 64-bit 14.318180 MHz counter
Feb  2 13:09:50 cu-cs-vm kernel: [    0.543867] amd_nb: Cannot enumerate AMD northbridges
Feb  2 13:09:50 cu-cs-vm kernel: [    0.544253] clocksource: Switched to clocksource kvm-clock
Feb  2 13:09:50 cu-cs-vm kernel: [    0.550662] AppArmor: AppArmor Filesystem Enabled
Feb  2 13:09:50 cu-cs-vm kernel: [    0.551056] pnp: PnP ACPI init
Feb  2 13:09:50 cu-cs-vm kernel: [    0.551672] pnp 00:00: Plug and Play ACPI device, IDs PNP0303 (active)
Feb  2 13:09:50 cu-cs-vm kernel: [    0.551899] pnp 00:01: Plug and Play ACPI device, IDs PNP0f03 (active)
Feb  2 13:09:50 cu-cs-vm kernel: [    0.552071] pnp 00:02: Plug and Play ACPI device, IDs PNP0b00 (active)
Feb  2 13:09:50 cu-cs-vm kernel: [    0.552150] system 00:03: [mem 0xfed00000-0xfed003ff] has been reserved
Feb  2 13:09:50 cu-cs-vm kernel: [    0.552555] system 00:03: Plug and Play ACPI device, IDs PNP0103 PNP0c01 (active)
Feb  2 13:09:50 cu-cs-vm kernel: [    0.552681] system 00:04: [mem 0xdc000000-0xdfffffff] has been reserved
Feb  2 13:09:50 cu-cs-vm kernel: [    0.553099] system 00:04: Plug and Play ACPI device, IDs PNP0c02 (active)
Feb  2 13:09:50 cu-cs-vm kernel: [    0.554509] pnp: PnP ACPI: found 5 devices
Feb  2 13:09:50 cu-cs-vm kernel: [    0.582610] clocksource: acpi_pm: mask: 0xffffff max_cycles: 0xffffff, max_idle_ns: 2085701024 ns
Feb  2 13:09:50 cu-cs-vm kernel: [    0.583299] pci 0000:00:18.0: PCI bridge to [bus 01]
Feb  2 13:09:50 cu-cs-vm kernel: [    0.583706] pci 0000:00:19.0: PCI bridge to [bus 02]
Feb  2 13:09:50 cu-cs-vm kernel: [    0.584107] pci_bus 0000:00: resource 4 [io  0x0000-0x0cf7 window]
Feb  2 13:09:50 cu-cs-vm kernel: [    0.584108] pci_bus 0000:00: resource 5 [io  0x0d00-0xffff window]
Feb  2 13:09:50 cu-cs-vm kernel: [    0.584110] pci_bus 0000:00: resource 6 [mem 0x000a0000-0x000bffff window]
Feb  2 13:09:50 cu-cs-vm kernel: [    0.584111] pci_bus 0000:00: resource 7 [mem 0xdc000000-0xffdfffff window]
Feb  2 13:09:50 cu-cs-vm kernel: [    0.584112] pci_bus 0000:01: resource 4 [io  0x0000-0x0cf7 window]
Feb  2 13:09:50 cu-cs-vm kernel: [    0.584114] pci_bus 0000:01: resource 5 [io  0x0d00-0xffff window]
Feb  2 13:09:50 cu-cs-vm kernel: [    0.584115] pci_bus 0000:01: resource 6 [mem 0x000a0000-0x000bffff window]
Feb  2 13:09:50 cu-cs-vm kernel: [    0.584116] pci_bus 0000:01: resource 7 [mem 0xdc000000-0xffdfffff window]
Feb  2 13:09:50 cu-cs-vm kernel: [    0.584117] pci_bus 0000:02: resource 4 [io  0x0000-0x0cf7 window]
Feb  2 13:09:50 cu-cs-vm kernel: [    0.584118] pci_bus 0000:02: resource 5 [io  0x0d00-0xffff window]
Feb  2 13:09:50 cu-cs-vm kernel: [    0.584120] pci_bus 0000:02: resource 6 [mem 0x000a0000-0x000bffff window]
Feb  2 13:09:50 cu-cs-vm kernel: [    0.584121] pci_bus 0000:02: resource 7 [mem 0xdc000000-0xffdfffff window]
Feb  2 13:09:50 cu-cs-vm kernel: [    0.584161] NET: Registered protocol family 2
Feb  2 13:09:50 cu-cs-vm kernel: [    0.584691] TCP established hash table entries: 32768 (order: 6, 262144 bytes)
Feb  2 13:09:50 cu-cs-vm kernel: [    0.585331] TCP bind hash table entries: 32768 (order: 7, 524288 bytes)
Feb  2 13:09:50 cu-cs-vm kernel: [    0.586080] TCP: Hash tables configured (established 32768 bind 32768)
Feb  2 13:09:50 cu-cs-vm kernel: [    0.586570] UDP hash table entries: 2048 (order: 4, 65536 bytes)
Feb  2 13:09:50 cu-cs-vm kernel: [    0.587031] UDP-Lite hash table entries: 2048 (order: 4, 65536 bytes)
Feb  2 13:09:50 cu-cs-vm kernel: [    0.587621] NET: Registered protocol family 1
Feb  2 13:09:50 cu-cs-vm kernel: [    0.588200] pci 0000:00:02.0: Video device with shadowed ROM
Feb  2 13:09:50 cu-cs-vm kernel: [    0.589299] PCI: CLS 0 bytes, default 64
Feb  2 13:09:50 cu-cs-vm kernel: [    0.589352] Trying to unpack rootfs image as initramfs...
Feb  2 13:09:50 cu-cs-vm kernel: [    1.051658] Freeing initrd memory: 37948K (ffff8800335d2000 - ffff880035ae1000)
Feb  2 13:09:50 cu-cs-vm kernel: [    1.052173] PCI-DMA: Using software bounce buffering for IO (SWIOTLB)
Feb  2 13:09:50 cu-cs-vm kernel: [    1.052497] software IO TLB [mem 0xd7ff0000-0xdbff0000] (64MB) mapped at [ffff8800d7ff0000-ffff8800dbfeffff]
Feb  2 13:09:50 cu-cs-vm kernel: [    1.053214] Scanning for low memory corruption every 60 seconds
Feb  2 13:09:50 cu-cs-vm kernel: [    1.054006] futex hash table entries: 512 (order: 3, 32768 bytes)
Feb  2 13:09:50 cu-cs-vm kernel: [    1.054342] audit: initializing netlink subsys (disabled)
Feb  2 13:09:50 cu-cs-vm kernel: [    1.054742] audit: type=2000 audit(1486149858.013:1): initialized
Feb  2 13:09:50 cu-cs-vm kernel: [    1.055293] Initialise system trusted keyring
Feb  2 13:09:50 cu-cs-vm kernel: [    1.055808] HugeTLB registered 2 MB page size, pre-allocated 0 pages
Feb  2 13:09:50 cu-cs-vm kernel: [    1.057372] zbud: loaded
Feb  2 13:09:50 cu-cs-vm kernel: [    1.057820] VFS: Disk quotas dquot_6.6.0
Feb  2 13:09:50 cu-cs-vm kernel: [    1.058136] VFS: Dquot-cache hash table entries: 512 (order 0, 4096 bytes)
Feb  2 13:09:50 cu-cs-vm kernel: [    1.058652] squashfs: version 4.0 (2009/01/31) Phillip Lougher
Feb  2 13:09:50 cu-cs-vm kernel: [    1.059247] fuse init (API version 7.23)
Feb  2 13:09:50 cu-cs-vm kernel: [    1.059711] Key type big_key registered
Feb  2 13:09:50 cu-cs-vm kernel: [    1.059996] Allocating IMA MOK and blacklist keyrings.
Feb  2 13:09:50 cu-cs-vm kernel: [    1.061788] Key type asymmetric registered
Feb  2 13:09:50 cu-cs-vm kernel: [    1.062069] Asymmetric key parser 'x509' registered
Feb  2 13:09:50 cu-cs-vm kernel: [    1.062388] Block layer SCSI generic (bsg) driver version 0.4 loaded (major 249)
Feb  2 13:09:50 cu-cs-vm kernel: [    1.063158] io scheduler noop registered
Feb  2 13:09:50 cu-cs-vm kernel: [    1.063438] io scheduler deadline registered (default)
Feb  2 13:09:50 cu-cs-vm kernel: [    1.063765] io scheduler cfq registered
Feb  2 13:09:50 cu-cs-vm kernel: [    1.064109] pci_hotplug: PCI Hot Plug PCI Core version: 0.5
Feb  2 13:09:50 cu-cs-vm kernel: [    1.064455] pciehp: PCI Express Hot Plug Controller Driver version: 0.4
Feb  2 13:09:50 cu-cs-vm kernel: [    1.064814] intel_idle: does not run on family 6 model 70
Feb  2 13:09:50 cu-cs-vm kernel: [    1.065098] ACPI: AC Adapter [AC] (off-line)
Feb  2 13:09:50 cu-cs-vm kernel: [    1.065437] input: Power Button as /devices/LNXSYSTM:00/LNXPWRBN:00/input/input0
Feb  2 13:09:50 cu-cs-vm kernel: [    1.065961] ACPI: Power Button [PWRF]
Feb  2 13:09:50 cu-cs-vm kernel: [    1.066359] input: Sleep Button as /devices/LNXSYSTM:00/LNXSLPBN:00/input/input1
Feb  2 13:09:50 cu-cs-vm kernel: [    1.066914] ACPI: Sleep Button [SLPF]
Feb  2 13:09:50 cu-cs-vm kernel: [    1.067462] GHES: HEST is not enabled!
Feb  2 13:09:50 cu-cs-vm kernel: [    1.068348] ACPI: Battery Slot [BAT0] (battery present)
Feb  2 13:09:50 cu-cs-vm kernel: [    1.069042] Serial: 8250/16550 driver, 32 ports, IRQ sharing enabled
Feb  2 13:09:50 cu-cs-vm kernel: [    1.072682] Linux agpgart interface v0.103
Feb  2 13:09:50 cu-cs-vm kernel: [    1.075389] brd: module loaded
Feb  2 13:09:50 cu-cs-vm kernel: [    1.076919] loop: module loaded
Feb  2 13:09:50 cu-cs-vm kernel: [    1.077340] libphy: Fixed MDIO Bus: probed
Feb  2 13:09:50 cu-cs-vm kernel: [    1.077623] tun: Universal TUN/TAP device driver, 1.6
Feb  2 13:09:50 cu-cs-vm kernel: [    1.077976] tun: (C) 1999-2004 Max Krasnyansky <maxk@qualcomm.com>
Feb  2 13:09:50 cu-cs-vm kernel: [    1.078393] PPP generic driver version 2.4.2
Feb  2 13:09:50 cu-cs-vm kernel: [    1.078780] ehci_hcd: USB 2.0 'Enhanced' Host Controller (EHCI) Driver
Feb  2 13:09:50 cu-cs-vm kernel: [    1.079206] ehci-pci: EHCI PCI platform driver
Feb  2 13:09:50 cu-cs-vm kernel: [    1.079501] ehci-platform: EHCI generic platform driver
Feb  2 13:09:50 cu-cs-vm kernel: [    1.079812] ohci_hcd: USB 1.1 'Open' Host Controller (OHCI) Driver
Feb  2 13:09:50 cu-cs-vm kernel: [    1.080141] ohci-pci: OHCI PCI platform driver
Feb  2 13:09:50 cu-cs-vm kernel: [    1.080860] ohci-pci 0000:00:1f.4: OHCI PCI host controller
Feb  2 13:09:50 cu-cs-vm kernel: [    1.081178] ohci-pci 0000:00:1f.4: new USB bus registered, assigned bus number 1
Feb  2 13:09:50 cu-cs-vm kernel: [    1.081742] ohci-pci 0000:00:1f.4: irq 23, io mem 0xf0902000
Feb  2 13:09:50 cu-cs-vm kernel: [    1.137283] usb usb1: New USB device found, idVendor=1d6b, idProduct=0001
Feb  2 13:09:50 cu-cs-vm kernel: [    1.137886] usb usb1: New USB device strings: Mfr=3, Product=2, SerialNumber=1
Feb  2 13:09:50 cu-cs-vm kernel: [    1.138484] usb usb1: Product: OHCI PCI host controller
Feb  2 13:09:50 cu-cs-vm kernel: [    1.138838] usb usb1: Manufacturer: Linux 4.4.35Erokhin ohci_hcd
Feb  2 13:09:50 cu-cs-vm kernel: [    1.139197] usb usb1: SerialNumber: 0000:00:1f.4
Feb  2 13:09:50 cu-cs-vm kernel: [    1.139751] hub 1-0:1.0: USB hub found
Feb  2 13:09:50 cu-cs-vm kernel: [    1.140052] hub 1-0:1.0: 12 ports detected
Feb  2 13:09:50 cu-cs-vm kernel: [    1.140758] ohci-platform: OHCI generic platform driver
Feb  2 13:09:50 cu-cs-vm kernel: [    1.141101] uhci_hcd: USB Universal Host Controller Interface driver
Feb  2 13:09:50 cu-cs-vm kernel: [    1.141498] i8042: PNP: PS/2 Controller [PNP0303:PS2K,PNP0f03:PS2M] at 0x60,0x64 irq 1,12
Feb  2 13:09:50 cu-cs-vm kernel: [    1.142773] serio: i8042 KBD port at 0x60,0x64 irq 1
Feb  2 13:09:50 cu-cs-vm kernel: [    1.143332] serio: i8042 AUX port at 0x60,0x64 irq 12
Feb  2 13:09:50 cu-cs-vm kernel: [    1.143936] mousedev: PS/2 mouse device common for all mice
Feb  2 13:09:50 cu-cs-vm kernel: [    1.144701] input: AT Translated Set 2 keyboard as /devices/platform/i8042/serio0/input/input2
Feb  2 13:09:50 cu-cs-vm kernel: [    1.145843] rtc_cmos 00:02: rtc core: registered rtc_cmos as rtc0
Feb  2 13:09:50 cu-cs-vm kernel: [    1.146218] rtc_cmos 00:02: alarms up to one day, 114 bytes nvram, hpet irqs
Feb  2 13:09:50 cu-cs-vm kernel: [    1.146559] i2c /dev entries driver
Feb  2 13:09:50 cu-cs-vm kernel: [    1.146935] device-mapper: uevent: version 1.0.3
Feb  2 13:09:50 cu-cs-vm kernel: [    1.147378] device-mapper: ioctl: 4.34.0-ioctl (2015-10-28) initialised: dm-devel@redhat.com
Feb  2 13:09:50 cu-cs-vm kernel: [    1.148054] ledtrig-cpu: registered to indicate activity on CPUs
Feb  2 13:09:50 cu-cs-vm kernel: [    1.149193] NET: Registered protocol family 10
Feb  2 13:09:50 cu-cs-vm kernel: [    1.149721] NET: Registered protocol family 17
Feb  2 13:09:50 cu-cs-vm kernel: [    1.150023] Key type dns_resolver registered
Feb  2 13:09:50 cu-cs-vm kernel: [    1.150527] microcode: CPU0 sig=0x40661, pf=0x40, revision=0x0
Feb  2 13:09:50 cu-cs-vm kernel: [    1.150889] microcode: CPU1 sig=0x40661, pf=0x40, revision=0x0
Feb  2 13:09:50 cu-cs-vm kernel: [    1.151344] microcode: Microcode Update Driver: v2.01 <tigran@aivazian.fsnet.co.uk>, Peter Oruba
Feb  2 13:09:50 cu-cs-vm kernel: [    1.152435] registered taskstats version 1
Feb  2 13:09:50 cu-cs-vm kernel: [    1.152738] Loading compiled-in X.509 certificates
Feb  2 13:09:50 cu-cs-vm kernel: [    1.153828] Loaded X.509 cert 'Build time autogenerated kernel key: f38515dd7eec456f0e83ca2a5afe1ac33ceef95f'
Feb  2 13:09:50 cu-cs-vm kernel: [    1.154639] zswap: loaded using pool lzo/zbud
Feb  2 13:09:50 cu-cs-vm kernel: [    1.158071] Key type trusted registered
Feb  2 13:09:50 cu-cs-vm kernel: [    1.161906] Key type encrypted registered
Feb  2 13:09:50 cu-cs-vm kernel: [    1.162195] AppArmor: AppArmor sha1 policy hashing enabled
Feb  2 13:09:50 cu-cs-vm kernel: [    1.162508] ima: No TPM chip found, activating TPM-bypass!
Feb  2 13:09:50 cu-cs-vm kernel: [    1.162837] evm: HMAC attrs: 0x1
Feb  2 13:09:50 cu-cs-vm kernel: [    1.163367]   Magic number: 5:861:193
Feb  2 13:09:50 cu-cs-vm kernel: [    1.163718] rtc_cmos 00:02: setting system clock to 2017-02-02 20:09:46 UTC (1486066186)
Feb  2 13:09:50 cu-cs-vm kernel: [    1.164338] BIOS EDD facility v0.16 2004-Jun-25, 0 devices found
Feb  2 13:09:50 cu-cs-vm kernel: [    1.164663] EDD information not available.
Feb  2 13:09:50 cu-cs-vm kernel: [    1.165054] PM: Hibernation image not present or could not be loaded.
Feb  2 13:09:50 cu-cs-vm kernel: [    1.165942] Freeing unused kernel memory: 1480K (ffffffff81f41000 - ffffffff820b3000)
Feb  2 13:09:50 cu-cs-vm kernel: [    1.171381] Write protecting the kernel read-only data: 14336k
Feb  2 13:09:50 cu-cs-vm kernel: [    1.172320] Freeing unused kernel memory: 1972K (ffff880001813000 - ffff880001a00000)
Feb  2 13:09:50 cu-cs-vm kernel: [    1.173468] Freeing unused kernel memory: 284K (ffff880001db9000 - ffff880001e00000)
Feb  2 13:09:50 cu-cs-vm kernel: [    1.185902] random: systemd-udevd: uninitialized urandom read (16 bytes read, 1 bits of entropy available)
Feb  2 13:09:50 cu-cs-vm kernel: [    1.186242] random: udevadm: uninitialized urandom read (16 bytes read, 1 bits of entropy available)
Feb  2 13:09:50 cu-cs-vm kernel: [    1.186272] random: udevadm: uninitialized urandom read (16 bytes read, 1 bits of entropy available)
Feb  2 13:09:50 cu-cs-vm kernel: [    1.186480] random: udevadm: uninitialized urandom read (16 bytes read, 1 bits of entropy available)
Feb  2 13:09:50 cu-cs-vm kernel: [    1.186617] random: udevadm: uninitialized urandom read (16 bytes read, 1 bits of entropy available)
Feb  2 13:09:50 cu-cs-vm kernel: [    1.186720] random: udevadm: uninitialized urandom read (16 bytes read, 1 bits of entropy available)
Feb  2 13:09:50 cu-cs-vm kernel: [    1.186785] random: udevadm: uninitialized urandom read (16 bytes read, 1 bits of entropy available)
Feb  2 13:09:50 cu-cs-vm kernel: [    1.186880] random: udevadm: uninitialized urandom read (16 bytes read, 1 bits of entropy available)
Feb  2 13:09:50 cu-cs-vm kernel: [    1.186957] random: udevadm: uninitialized urandom read (16 bytes read, 1 bits of entropy available)
Feb  2 13:09:50 cu-cs-vm kernel: [    1.187017] random: udevadm: uninitialized urandom read (16 bytes read, 1 bits of entropy available)
Feb  2 13:09:50 cu-cs-vm kernel: [    1.254391] FUJITSU Extended Socket Network Device Driver - version 1.0 - Copyright (c) 2015 FUJITSU LIMITED
Feb  2 13:09:50 cu-cs-vm kernel: [    1.256856] e1000: Intel(R) PRO/1000 Network Driver - version 7.3.21-k8-NAPI
Feb  2 13:09:50 cu-cs-vm kernel: [    1.257261] e1000: Copyright (c) 1999-2006 Intel Corporation.
Feb  2 13:09:50 cu-cs-vm kernel: [    1.520340] input: ImExPS/2 Generic Explorer Mouse as /devices/platform/i8042/serio1/input/input4
Feb  2 13:09:50 cu-cs-vm kernel: [    1.527162] usb 1-1: new full-speed USB device number 2 using ohci-pci
Feb  2 13:09:50 cu-cs-vm kernel: [    1.643970] e1000 0000:00:03.0 eth0: (PCI:33MHz:32-bit) 08:00:27:ec:e2:18
Feb  2 13:09:50 cu-cs-vm kernel: [    1.644320] e1000 0000:00:03.0 eth0: Intel(R) PRO/1000 Network Connection
Feb  2 13:09:50 cu-cs-vm kernel: [    1.644719] ahci 0000:00:1f.2: version 3.0
Feb  2 13:09:50 cu-cs-vm kernel: [    1.645237] ahci 0000:00:1f.2: SSS flag set, parallel bus scan disabled
Feb  2 13:09:50 cu-cs-vm kernel: [    1.645676] ahci 0000:00:1f.2: AHCI 0001.0100 32 slots 2 ports 3 Gbps 0x3 impl SATA mode
Feb  2 13:09:50 cu-cs-vm kernel: [    1.646186] ahci 0000:00:1f.2: flags: 64bit ncq stag only ccc 
Feb  2 13:09:50 cu-cs-vm kernel: [    1.647201] scsi host0: ahci
Feb  2 13:09:50 cu-cs-vm kernel: [    1.647762] scsi host1: ahci
Feb  2 13:09:50 cu-cs-vm kernel: [    1.648130] ata1: SATA max UDMA/133 abar m8192@0xf0900000 port 0xf0900100 irq 24
Feb  2 13:09:50 cu-cs-vm kernel: [    1.648659] ata2: SATA max UDMA/133 abar m8192@0xf0900000 port 0xf0900180 irq 24
Feb  2 13:09:50 cu-cs-vm kernel: [    1.649748] e1000 0000:00:03.0 enp0s3: renamed from eth0
Feb  2 13:09:50 cu-cs-vm kernel: [    1.789265] usb 1-1: New USB device found, idVendor=80ee, idProduct=0021
Feb  2 13:09:50 cu-cs-vm kernel: [    1.789743] usb 1-1: New USB device strings: Mfr=1, Product=3, SerialNumber=0
Feb  2 13:09:50 cu-cs-vm kernel: [    1.790240] usb 1-1: Product: USB Tablet
Feb  2 13:09:50 cu-cs-vm kernel: [    1.790651] usb 1-1: Manufacturer: VirtualBox
Feb  2 13:09:50 cu-cs-vm kernel: [    1.800625] hidraw: raw HID events driver (C) Jiri Kosina
Feb  2 13:09:50 cu-cs-vm kernel: [    1.814377] usbcore: registered new interface driver usbhid
Feb  2 13:09:50 cu-cs-vm kernel: [    1.814703] usbhid: USB HID core driver
Feb  2 13:09:50 cu-cs-vm kernel: [    1.822210] input: VirtualBox USB Tablet as /devices/pci0000:00/0000:00:1f.4/usb1/1-1/1-1:1.0/0003:80EE:0021.0001/input/input5
Feb  2 13:09:50 cu-cs-vm kernel: [    1.822911] hid-generic 0003:80EE:0021.0001: input,hidraw0: USB HID v1.10 Mouse [VirtualBox USB Tablet] on usb-0000:00:1f.4-1/input0
Feb  2 13:09:50 cu-cs-vm kernel: [    1.984582] ata1: SATA link up 3.0 Gbps (SStatus 123 SControl 300)
Feb  2 13:09:50 cu-cs-vm kernel: [    1.985231] ata1.00: ATA-8: VBOX HARDDISK, 1.0, max UDMA/133
Feb  2 13:09:50 cu-cs-vm kernel: [    1.985671] ata1.00: 134217728 sectors, multi 128: LBA48 NCQ (depth 31/32)
Feb  2 13:09:50 cu-cs-vm kernel: [    1.986438] ata1.00: configured for UDMA/133
Feb  2 13:09:50 cu-cs-vm kernel: [    1.987079] scsi 0:0:0:0: Direct-Access     ATA      VBOX HARDDISK    1.0  PQ: 0 ANSI: 5
Feb  2 13:09:50 cu-cs-vm kernel: [    1.988061] sd 0:0:0:0: Attached scsi generic sg0 type 0
Feb  2 13:09:50 cu-cs-vm kernel: [    1.988067] sd 0:0:0:0: [sda] 134217728 512-byte logical blocks: (68.7 GB/64.0 GiB)
Feb  2 13:09:50 cu-cs-vm kernel: [    1.988087] sd 0:0:0:0: [sda] Write Protect is off
Feb  2 13:09:50 cu-cs-vm kernel: [    1.988088] sd 0:0:0:0: [sda] Mode Sense: 00 3a 00 00
Feb  2 13:09:50 cu-cs-vm kernel: [    1.988097] sd 0:0:0:0: [sda] Write cache: enabled, read cache: enabled, doesn't support DPO or FUA
Feb  2 13:09:50 cu-cs-vm kernel: [    1.988537]  sda: sda1
Feb  2 13:09:50 cu-cs-vm kernel: [    1.988670] sd 0:0:0:0: [sda] Attached SCSI disk
Feb  2 13:09:50 cu-cs-vm kernel: [    2.049479] tsc: Refined TSC clocksource calibration: 2592.166 MHz
Feb  2 13:09:50 cu-cs-vm kernel: [    2.049955] clocksource: tsc: mask: 0xffffffffffffffff max_cycles: 0x255d5393f61, max_idle_ns: 440795266929 ns
Feb  2 13:09:50 cu-cs-vm kernel: [    2.308697] ata2: SATA link up 3.0 Gbps (SStatus 123 SControl 300)
Feb  2 13:09:50 cu-cs-vm kernel: [    2.309278] ata2.00: ATAPI: VBOX CD-ROM, 1.0, max UDMA/133
Feb  2 13:09:50 cu-cs-vm kernel: [    2.309685] ata2.00: applying bridge limits
Feb  2 13:09:50 cu-cs-vm kernel: [    2.310304] ata2.00: configured for UDMA/100
Feb  2 13:09:50 cu-cs-vm kernel: [    2.311208] scsi 1:0:0:0: CD-ROM            VBOX     CD-ROM           1.0  PQ: 0 ANSI: 5
Feb  2 13:09:50 cu-cs-vm kernel: [    2.316947] sr 1:0:0:0: [sr0] scsi3-mmc drive: 32x/32x xa/form2 tray
Feb  2 13:09:50 cu-cs-vm kernel: [    2.317297] cdrom: Uniform CD-ROM driver Revision: 3.20
Feb  2 13:09:50 cu-cs-vm kernel: [    2.317949] sr 1:0:0:0: Attached scsi CD-ROM sr0
Feb  2 13:09:50 cu-cs-vm kernel: [    2.318163] sr 1:0:0:0: Attached scsi generic sg1 type 5
Feb  2 13:09:50 cu-cs-vm kernel: [    2.480780] raid6: sse2x1   gen() 10252 MB/s
